<?xml version="1.0" encoding="ISO-8859-1" ?>
<link_info>
   <banner>MSP430 Linker PC v21.6.1.LTS</banner>
   <copyright>Copyright (c) 2003-2018 Texas Instruments Incorporated</copyright>
   <link_time>0x68f1951b</link_time>
   <link_errors>0x0</link_errors>
   <output_file>Lab2-10.out</output_file>
   <entry_point>
      <name>_c_int00_noargs_mpu</name>
      <address>0xc95c</address>
   </entry_point>
   <input_file_list>
      <input_file id="fl-2">
         <path>.\</path>
         <kind>object</kind>
         <file>main.obj</file>
         <name>main.obj</name>
      </input_file>
      <input_file id="fl-3">
         <path>.\FirmwareLibhelper\</path>
         <kind>object</kind>
         <file>generalLib.obj</file>
         <name>generalLib.obj</name>
      </input_file>
      <input_file id="fl-4">
         <path>.\driverlib\MSP430FR57xx\</path>
         <kind>object</kind>
         <file>adc10_b.obj</file>
         <name>adc10_b.obj</name>
      </input_file>
      <input_file id="fl-5">
         <path>.\driverlib\MSP430FR57xx\</path>
         <kind>object</kind>
         <file>comp_d.obj</file>
         <name>comp_d.obj</name>
      </input_file>
      <input_file id="fl-6">
         <path>.\driverlib\MSP430FR57xx\</path>
         <kind>object</kind>
         <file>crc.obj</file>
         <name>crc.obj</name>
      </input_file>
      <input_file id="fl-7">
         <path>.\driverlib\MSP430FR57xx\</path>
         <kind>object</kind>
         <file>cs.obj</file>
         <name>cs.obj</name>
      </input_file>
      <input_file id="fl-8">
         <path>.\driverlib\MSP430FR57xx\</path>
         <kind>object</kind>
         <file>dma.obj</file>
         <name>dma.obj</name>
      </input_file>
      <input_file id="fl-9">
         <path>.\driverlib\MSP430FR57xx\</path>
         <kind>object</kind>
         <file>eusci_a_spi.obj</file>
         <name>eusci_a_spi.obj</name>
      </input_file>
      <input_file id="fl-a">
         <path>.\driverlib\MSP430FR57xx\</path>
         <kind>object</kind>
         <file>eusci_a_uart.obj</file>
         <name>eusci_a_uart.obj</name>
      </input_file>
      <input_file id="fl-b">
         <path>.\driverlib\MSP430FR57xx\</path>
         <kind>object</kind>
         <file>eusci_b_i2c.obj</file>
         <name>eusci_b_i2c.obj</name>
      </input_file>
      <input_file id="fl-c">
         <path>.\driverlib\MSP430FR57xx\</path>
         <kind>object</kind>
         <file>eusci_b_spi.obj</file>
         <name>eusci_b_spi.obj</name>
      </input_file>
      <input_file id="fl-d">
         <path>.\driverlib\MSP430FR57xx\</path>
         <kind>object</kind>
         <file>framctl.obj</file>
         <name>framctl.obj</name>
      </input_file>
      <input_file id="fl-e">
         <path>.\driverlib\MSP430FR57xx\</path>
         <kind>object</kind>
         <file>gpio.obj</file>
         <name>gpio.obj</name>
      </input_file>
      <input_file id="fl-f">
         <path>.\driverlib\MSP430FR57xx\</path>
         <kind>object</kind>
         <file>mpu.obj</file>
         <name>mpu.obj</name>
      </input_file>
      <input_file id="fl-10">
         <path>.\driverlib\MSP430FR57xx\</path>
         <kind>object</kind>
         <file>mpy32.obj</file>
         <name>mpy32.obj</name>
      </input_file>
      <input_file id="fl-11">
         <path>.\driverlib\MSP430FR57xx\</path>
         <kind>object</kind>
         <file>pmm.obj</file>
         <name>pmm.obj</name>
      </input_file>
      <input_file id="fl-12">
         <path>.\driverlib\MSP430FR57xx\</path>
         <kind>object</kind>
         <file>ref.obj</file>
         <name>ref.obj</name>
      </input_file>
      <input_file id="fl-13">
         <path>.\driverlib\MSP430FR57xx\</path>
         <kind>object</kind>
         <file>rtc_b.obj</file>
         <name>rtc_b.obj</name>
      </input_file>
      <input_file id="fl-14">
         <path>.\driverlib\MSP430FR57xx\</path>
         <kind>object</kind>
         <file>sfr.obj</file>
         <name>sfr.obj</name>
      </input_file>
      <input_file id="fl-15">
         <path>.\driverlib\MSP430FR57xx\</path>
         <kind>object</kind>
         <file>sysctl.obj</file>
         <name>sysctl.obj</name>
      </input_file>
      <input_file id="fl-16">
         <path>.\driverlib\MSP430FR57xx\</path>
         <kind>object</kind>
         <file>timer_a.obj</file>
         <name>timer_a.obj</name>
      </input_file>
      <input_file id="fl-17">
         <path>.\driverlib\MSP430FR57xx\</path>
         <kind>object</kind>
         <file>timer_b.obj</file>
         <name>timer_b.obj</name>
      </input_file>
      <input_file id="fl-18">
         <path>.\driverlib\MSP430FR57xx\</path>
         <kind>object</kind>
         <file>tlv.obj</file>
         <name>tlv.obj</name>
      </input_file>
      <input_file id="fl-19">
         <path>.\driverlib\MSP430FR57xx\</path>
         <kind>object</kind>
         <file>wdt_a.obj</file>
         <name>wdt_a.obj</name>
      </input_file>
      <input_file id="fl-20">
         <kind>object</kind>
         <file>&lt;internal&gt;</file>
         <name>&lt;internal&gt;</name>
      </input_file>
      <input_file id="fl-40">
         <path>C:\ti\ccs2031\ccs\tools\compiler\ti-cgt-msp430_21.6.1.LTS\lib\</path>
         <kind>archive</kind>
         <file>rts430x_lc_sd_eabi.lib</file>
         <name>copy_decompress_lzss.c.obj</name>
      </input_file>
      <input_file id="fl-41">
         <path>C:\ti\ccs2031\ccs\tools\compiler\ti-cgt-msp430_21.6.1.LTS\lib\</path>
         <kind>archive</kind>
         <file>rts430x_lc_sd_eabi.lib</file>
         <name>copy_decompress_none.c.obj</name>
      </input_file>
      <input_file id="fl-42">
         <path>C:\ti\ccs2031\ccs\tools\compiler\ti-cgt-msp430_21.6.1.LTS\lib\</path>
         <kind>archive</kind>
         <file>rts430x_lc_sd_eabi.lib</file>
         <name>int31.asm.obj</name>
      </input_file>
      <input_file id="fl-43">
         <path>C:\ti\ccs2031\ccs\tools\compiler\ti-cgt-msp430_21.6.1.LTS\lib\</path>
         <kind>archive</kind>
         <file>rts430x_lc_sd_eabi.lib</file>
         <name>isr_trap.asm.obj</name>
      </input_file>
      <input_file id="fl-44">
         <path>C:\ti\ccs2031\ccs\tools\compiler\ti-cgt-msp430_21.6.1.LTS\lib\</path>
         <kind>archive</kind>
         <file>rts430x_lc_sd_eabi.lib</file>
         <name>int32.asm.obj</name>
      </input_file>
      <input_file id="fl-45">
         <path>C:\ti\ccs2031\ccs\tools\compiler\ti-cgt-msp430_21.6.1.LTS\lib\</path>
         <kind>archive</kind>
         <file>rts430x_lc_sd_eabi.lib</file>
         <name>int33.asm.obj</name>
      </input_file>
      <input_file id="fl-46">
         <path>C:\ti\ccs2031\ccs\tools\compiler\ti-cgt-msp430_21.6.1.LTS\lib\</path>
         <kind>archive</kind>
         <file>rts430x_lc_sd_eabi.lib</file>
         <name>int34.asm.obj</name>
      </input_file>
      <input_file id="fl-47">
         <path>C:\ti\ccs2031\ccs\tools\compiler\ti-cgt-msp430_21.6.1.LTS\lib\</path>
         <kind>archive</kind>
         <file>rts430x_lc_sd_eabi.lib</file>
         <name>int35.asm.obj</name>
      </input_file>
      <input_file id="fl-48">
         <path>C:\ti\ccs2031\ccs\tools\compiler\ti-cgt-msp430_21.6.1.LTS\lib\</path>
         <kind>archive</kind>
         <file>rts430x_lc_sd_eabi.lib</file>
         <name>int36.asm.obj</name>
      </input_file>
      <input_file id="fl-49">
         <path>C:\ti\ccs2031\ccs\tools\compiler\ti-cgt-msp430_21.6.1.LTS\lib\</path>
         <kind>archive</kind>
         <file>rts430x_lc_sd_eabi.lib</file>
         <name>int37.asm.obj</name>
      </input_file>
      <input_file id="fl-4a">
         <path>C:\ti\ccs2031\ccs\tools\compiler\ti-cgt-msp430_21.6.1.LTS\lib\</path>
         <kind>archive</kind>
         <file>rts430x_lc_sd_eabi.lib</file>
         <name>int38.asm.obj</name>
      </input_file>
      <input_file id="fl-4b">
         <path>C:\ti\ccs2031\ccs\tools\compiler\ti-cgt-msp430_21.6.1.LTS\lib\</path>
         <kind>archive</kind>
         <file>rts430x_lc_sd_eabi.lib</file>
         <name>int39.asm.obj</name>
      </input_file>
      <input_file id="fl-4c">
         <path>C:\ti\ccs2031\ccs\tools\compiler\ti-cgt-msp430_21.6.1.LTS\lib\</path>
         <kind>archive</kind>
         <file>rts430x_lc_sd_eabi.lib</file>
         <name>int40.asm.obj</name>
      </input_file>
      <input_file id="fl-4d">
         <path>C:\ti\ccs2031\ccs\tools\compiler\ti-cgt-msp430_21.6.1.LTS\lib\</path>
         <kind>archive</kind>
         <file>rts430x_lc_sd_eabi.lib</file>
         <name>int41.asm.obj</name>
      </input_file>
      <input_file id="fl-4e">
         <path>C:\ti\ccs2031\ccs\tools\compiler\ti-cgt-msp430_21.6.1.LTS\lib\</path>
         <kind>archive</kind>
         <file>rts430x_lc_sd_eabi.lib</file>
         <name>int42.asm.obj</name>
      </input_file>
      <input_file id="fl-4f">
         <path>C:\ti\ccs2031\ccs\tools\compiler\ti-cgt-msp430_21.6.1.LTS\lib\</path>
         <kind>archive</kind>
         <file>rts430x_lc_sd_eabi.lib</file>
         <name>int43.asm.obj</name>
      </input_file>
      <input_file id="fl-50">
         <path>C:\ti\ccs2031\ccs\tools\compiler\ti-cgt-msp430_21.6.1.LTS\lib\</path>
         <kind>archive</kind>
         <file>rts430x_lc_sd_eabi.lib</file>
         <name>int44.asm.obj</name>
      </input_file>
      <input_file id="fl-51">
         <path>C:\ti\ccs2031\ccs\tools\compiler\ti-cgt-msp430_21.6.1.LTS\lib\</path>
         <kind>archive</kind>
         <file>rts430x_lc_sd_eabi.lib</file>
         <name>int45.asm.obj</name>
      </input_file>
      <input_file id="fl-52">
         <path>C:\ti\ccs2031\ccs\tools\compiler\ti-cgt-msp430_21.6.1.LTS\lib\</path>
         <kind>archive</kind>
         <file>rts430x_lc_sd_eabi.lib</file>
         <name>int46.asm.obj</name>
      </input_file>
      <input_file id="fl-53">
         <path>C:\ti\ccs2031\ccs\tools\compiler\ti-cgt-msp430_21.6.1.LTS\lib\</path>
         <kind>archive</kind>
         <file>rts430x_lc_sd_eabi.lib</file>
         <name>int47.asm.obj</name>
      </input_file>
      <input_file id="fl-54">
         <path>C:\ti\ccs2031\ccs\tools\compiler\ti-cgt-msp430_21.6.1.LTS\lib\</path>
         <kind>archive</kind>
         <file>rts430x_lc_sd_eabi.lib</file>
         <name>int49.asm.obj</name>
      </input_file>
      <input_file id="fl-55">
         <path>C:\ti\ccs2031\ccs\tools\compiler\ti-cgt-msp430_21.6.1.LTS\lib\</path>
         <kind>archive</kind>
         <file>rts430x_lc_sd_eabi.lib</file>
         <name>int50.asm.obj</name>
      </input_file>
      <input_file id="fl-56">
         <path>C:\ti\ccs2031\ccs\tools\compiler\ti-cgt-msp430_21.6.1.LTS\lib\</path>
         <kind>archive</kind>
         <file>rts430x_lc_sd_eabi.lib</file>
         <name>int51.asm.obj</name>
      </input_file>
      <input_file id="fl-57">
         <path>C:\ti\ccs2031\ccs\tools\compiler\ti-cgt-msp430_21.6.1.LTS\lib\</path>
         <kind>archive</kind>
         <file>rts430x_lc_sd_eabi.lib</file>
         <name>int52.asm.obj</name>
      </input_file>
      <input_file id="fl-58">
         <path>C:\ti\ccs2031\ccs\tools\compiler\ti-cgt-msp430_21.6.1.LTS\lib\</path>
         <kind>archive</kind>
         <file>rts430x_lc_sd_eabi.lib</file>
         <name>int53.asm.obj</name>
      </input_file>
      <input_file id="fl-59">
         <path>C:\ti\ccs2031\ccs\tools\compiler\ti-cgt-msp430_21.6.1.LTS\lib\</path>
         <kind>archive</kind>
         <file>rts430x_lc_sd_eabi.lib</file>
         <name>int54.asm.obj</name>
      </input_file>
      <input_file id="fl-5a">
         <path>C:\ti\ccs2031\ccs\tools\compiler\ti-cgt-msp430_21.6.1.LTS\lib\</path>
         <kind>archive</kind>
         <file>rts430x_lc_sd_eabi.lib</file>
         <name>copy_zero_init.c.obj</name>
      </input_file>
      <input_file id="fl-5b">
         <path>C:\ti\ccs2031\ccs\tools\compiler\ti-cgt-msp430_21.6.1.LTS\lib\</path>
         <kind>archive</kind>
         <file>rts430x_lc_sd_eabi.lib</file>
         <name>cpy_util.asm.obj</name>
      </input_file>
      <input_file id="fl-5c">
         <path>C:\ti\ccs2031\ccs\tools\compiler\ti-cgt-msp430_21.6.1.LTS\lib\</path>
         <kind>archive</kind>
         <file>rts430x_lc_sd_eabi.lib</file>
         <name>div16s.asm.obj</name>
      </input_file>
      <input_file id="fl-5d">
         <path>C:\ti\ccs2031\ccs\tools\compiler\ti-cgt-msp430_21.6.1.LTS\lib\</path>
         <kind>archive</kind>
         <file>rts430x_lc_sd_eabi.lib</file>
         <name>div32s.asm.obj</name>
      </input_file>
      <input_file id="fl-5e">
         <path>C:\ti\ccs2031\ccs\tools\compiler\ti-cgt-msp430_21.6.1.LTS\lib\</path>
         <kind>archive</kind>
         <file>rts430x_lc_sd_eabi.lib</file>
         <name>div16u.asm.obj</name>
      </input_file>
      <input_file id="fl-5f">
         <path>C:\ti\ccs2031\ccs\tools\compiler\ti-cgt-msp430_21.6.1.LTS\lib\</path>
         <kind>archive</kind>
         <file>rts430x_lc_sd_eabi.lib</file>
         <name>div32u.asm.obj</name>
      </input_file>
      <input_file id="fl-60">
         <path>C:\ti\ccs2031\ccs\tools\compiler\ti-cgt-msp430_21.6.1.LTS\lib\</path>
         <kind>archive</kind>
         <file>rts430x_lc_sd_eabi.lib</file>
         <name>mult16_f5hw.asm.obj</name>
      </input_file>
      <input_file id="fl-61">
         <path>C:\ti\ccs2031\ccs\tools\compiler\ti-cgt-msp430_21.6.1.LTS\lib\</path>
         <kind>archive</kind>
         <file>rts430x_lc_sd_eabi.lib</file>
         <name>mult32_f5hw.asm.obj</name>
      </input_file>
      <input_file id="fl-62">
         <path>C:\ti\ccs2031\ccs\tools\compiler\ti-cgt-msp430_21.6.1.LTS\lib\</path>
         <kind>archive</kind>
         <file>rts430x_lc_sd_eabi.lib</file>
         <name>mult64_f5hw.asm.obj</name>
      </input_file>
      <input_file id="fl-63">
         <path>C:\ti\ccs2031\ccs\tools\compiler\ti-cgt-msp430_21.6.1.LTS\lib\</path>
         <kind>archive</kind>
         <file>rts430x_lc_sd_eabi.lib</file>
         <name>mult1632_f5hw.asm.obj</name>
      </input_file>
      <input_file id="fl-64">
         <path>C:\ti\ccs2031\ccs\tools\compiler\ti-cgt-msp430_21.6.1.LTS\lib\</path>
         <kind>archive</kind>
         <file>rts430x_lc_sd_eabi.lib</file>
         <name>mult3264_f5hw.asm.obj</name>
      </input_file>
      <input_file id="fl-65">
         <path>C:\ti\ccs2031\ccs\tools\compiler\ti-cgt-msp430_21.6.1.LTS\lib\</path>
         <kind>archive</kind>
         <file>rts430x_lc_sd_eabi.lib</file>
         <name>lsl16.asm.obj</name>
      </input_file>
      <input_file id="fl-66">
         <path>C:\ti\ccs2031\ccs\tools\compiler\ti-cgt-msp430_21.6.1.LTS\lib\</path>
         <kind>archive</kind>
         <file>rts430x_lc_sd_eabi.lib</file>
         <name>boot.c.obj</name>
      </input_file>
      <input_file id="fl-67">
         <path>C:\ti\ccs2031\ccs\ccs_base\msp430\lib\FR57xx\</path>
         <kind>archive</kind>
         <file>MPU_INIT_FR57XX_LIB_CCS_msp430_large_code_small_data.lib</file>
         <name>mpu_init_fr57xx.obj</name>
      </input_file>
      <input_file id="fl-68">
         <path>C:\ti\ccs2031\ccs\tools\compiler\ti-cgt-msp430_21.6.1.LTS\lib\</path>
         <kind>archive</kind>
         <file>rts430x_lc_sd_eabi.lib</file>
         <name>args_main.c.obj</name>
      </input_file>
      <input_file id="fl-69">
         <path>C:\ti\ccs2031\ccs\tools\compiler\ti-cgt-msp430_21.6.1.LTS\lib\</path>
         <kind>archive</kind>
         <file>rts430x_lc_sd_eabi.lib</file>
         <name>autoinit.c.obj</name>
      </input_file>
      <input_file id="fl-6a">
         <path>C:\ti\ccs2031\ccs\tools\compiler\ti-cgt-msp430_21.6.1.LTS\lib\</path>
         <kind>archive</kind>
         <file>rts430x_lc_sd_eabi.lib</file>
         <name>startup.c.obj</name>
      </input_file>
      <input_file id="fl-6b">
         <path>C:\ti\ccs2031\ccs\tools\compiler\ti-cgt-msp430_21.6.1.LTS\lib\</path>
         <kind>archive</kind>
         <file>rts430x_lc_sd_eabi.lib</file>
         <name>pre_init.c.obj</name>
      </input_file>
      <input_file id="fl-6c">
         <path>C:\ti\ccs2031\ccs\tools\compiler\ti-cgt-msp430_21.6.1.LTS\lib\</path>
         <kind>archive</kind>
         <file>rts430x_lc_sd_eabi.lib</file>
         <name>cpy_tbl.c.obj</name>
      </input_file>
      <input_file id="fl-6d">
         <path>C:\ti\ccs2031\ccs\tools\compiler\ti-cgt-msp430_21.6.1.LTS\lib\</path>
         <kind>archive</kind>
         <file>rts430x_lc_sd_eabi.lib</file>
         <name>mult16.asm.obj</name>
      </input_file>
      <input_file id="fl-6e">
         <path>C:\ti\ccs2031\ccs\tools\compiler\ti-cgt-msp430_21.6.1.LTS\lib\</path>
         <kind>archive</kind>
         <file>rts430x_lc_sd_eabi.lib</file>
         <name>exit.c.obj</name>
      </input_file>
      <input_file id="fl-6f">
         <path>C:\ti\ccs2031\ccs\tools\compiler\ti-cgt-msp430_21.6.1.LTS\lib\</path>
         <kind>archive</kind>
         <file>rts430x_lc_sd_eabi.lib</file>
         <name>exit_gvars.c.obj</name>
      </input_file>
      <input_file id="fl-70">
         <path>C:\ti\ccs2031\ccs\tools\compiler\ti-cgt-msp430_21.6.1.LTS\lib\</path>
         <kind>archive</kind>
         <file>rts430x_lc_sd_eabi.lib</file>
         <name>_lock.c.obj</name>
      </input_file>
      <input_file id="fl-71">
         <path>C:\ti\ccs2031\ccs\tools\compiler\ti-cgt-msp430_21.6.1.LTS\lib\</path>
         <kind>archive</kind>
         <file>rts430x_lc_sd_eabi.lib</file>
         <name>memcpy.c.obj</name>
      </input_file>
   </input_file_list>
   <object_component_list>
      <object_component id="oc-518">
         <name>__TI_handler_table</name>
         <load_address>0xc200</load_address>
         <run_address>0xc200</run_address>
         <size>0xc</size>
      </object_component>
      <object_component id="oc-51b">
         <name>.cinit..data.load</name>
         <load_address>0xc20c</load_address>
         <run_address>0xc20c</run_address>
         <size>0x7</size>
      </object_component>
      <object_component id="oc-51a">
         <name>.cinit..bss.load</name>
         <load_address>0xc214</load_address>
         <run_address>0xc214</run_address>
         <size>0x6</size>
      </object_component>
      <object_component id="oc-519">
         <name>__TI_cinit_table</name>
         <load_address>0xc21a</load_address>
         <run_address>0xc21a</run_address>
         <size>0x10</size>
      </object_component>
      <object_component id="oc-4b1">
         <name>.binit</name>
         <load_address>0xc22a</load_address>
         <run_address>0xc22a</run_address>
         <size>0x0</size>
      </object_component>
      <object_component id="oc-36c">
         <name>.const:.string</name>
         <load_address>0xc22a</load_address>
         <run_address>0xc22a</run_address>
         <size>0x2e</size>
         <input_file_ref idref="fl-3"/>
      </object_component>
      <object_component id="oc-42e">
         <name>.const:.string</name>
         <load_address>0xc258</load_address>
         <run_address>0xc258</run_address>
         <size>0x18</size>
         <input_file_ref idref="fl-2"/>
      </object_component>
      <object_component id="oc-6e">
         <name>.text:decompress:lzss:__TI_decompress_lzss</name>
         <load_address>0xc400</load_address>
         <run_address>0xc400</run_address>
         <size>0xee</size>
         <input_file_ref idref="fl-40"/>
      </object_component>
      <object_component id="oc-339">
         <name>.text:main</name>
         <load_address>0xc4ee</load_address>
         <run_address>0xc4ee</run_address>
         <size>0xe0</size>
         <input_file_ref idref="fl-2"/>
      </object_component>
      <object_component id="oc-3bb">
         <name>.text:processMessagePacket</name>
         <load_address>0xc5ce</load_address>
         <run_address>0xc5ce</run_address>
         <size>0x74</size>
         <input_file_ref idref="fl-2"/>
      </object_component>
      <object_component id="oc-3e6">
         <name>.text:__TI_auto_init_nobinit_nopinit_hold_wdt:__TI_auto_init_nobinit_nopinit_hold_wdt</name>
         <load_address>0xc642</load_address>
         <run_address>0xc642</run_address>
         <size>0x6a</size>
         <input_file_ref idref="fl-69"/>
      </object_component>
      <object_component id="oc-385">
         <name>.text:Clock_Set_SMCLK_Divider</name>
         <load_address>0xc6ac</load_address>
         <run_address>0xc6ac</run_address>
         <size>0x50</size>
         <input_file_ref idref="fl-3"/>
      </object_component>
      <object_component id="oc-325">
         <name>.text:Buffer_Push</name>
         <load_address>0xc6fc</load_address>
         <run_address>0xc6fc</run_address>
         <size>0x4a</size>
         <input_file_ref idref="fl-3"/>
      </object_component>
      <object_component id="oc-38b">
         <name>.text:LED_Init</name>
         <load_address>0xc746</load_address>
         <run_address>0xc746</run_address>
         <size>0x48</size>
         <input_file_ref idref="fl-3"/>
      </object_component>
      <object_component id="oc-39d">
         <name>.text:UART_Init_9600_without_interrupt</name>
         <load_address>0xc78e</load_address>
         <run_address>0xc78e</run_address>
         <size>0x46</size>
         <input_file_ref idref="fl-3"/>
      </object_component>
      <object_component id="oc-3af">
         <name>.text:Buffer_Pop</name>
         <load_address>0xc7d4</load_address>
         <run_address>0xc7d4</run_address>
         <size>0x40</size>
         <input_file_ref idref="fl-3"/>
      </object_component>
      <object_component id="oc-397">
         <name>.text:TimerB1_SetupPWM</name>
         <load_address>0xc814</load_address>
         <run_address>0xc814</run_address>
         <size>0x40</size>
         <input_file_ref idref="fl-3"/>
      </object_component>
      <object_component id="oc-2c4">
         <name>.text:__memcpy_far</name>
         <load_address>0xc854</load_address>
         <run_address>0xc854</run_address>
         <size>0x40</size>
         <input_file_ref idref="fl-5b"/>
      </object_component>
      <object_component id="oc-2db">
         <name>.text:decompress:ZI:__TI_zero_init_nomemset:__TI_zero_init_nomemset</name>
         <load_address>0xc894</load_address>
         <run_address>0xc894</run_address>
         <size>0x3e</size>
         <input_file_ref idref="fl-5a"/>
      </object_component>
      <object_component id="oc-74">
         <name>.text:decompress:none:__TI_decompress_none</name>
         <load_address>0xc8d2</load_address>
         <run_address>0xc8d2</run_address>
         <size>0x3c</size>
         <input_file_ref idref="fl-41"/>
      </object_component>
      <object_component id="oc-2d5">
         <name>.text:_isr:USCI_A0_ISR</name>
         <load_address>0xc90e</load_address>
         <run_address>0xc90e</run_address>
         <size>0x2c</size>
         <input_file_ref idref="fl-2"/>
      </object_component>
      <object_component id="oc-34b">
         <name>.text:__mpu_init</name>
         <load_address>0xc93a</load_address>
         <run_address>0xc93a</run_address>
         <size>0x22</size>
         <input_file_ref idref="fl-67"/>
      </object_component>
      <object_component id="oc-305">
         <name>.text:_isr:_c_int00_noargs_mpu</name>
         <load_address>0xc95c</load_address>
         <run_address>0xc95c</run_address>
         <size>0x20</size>
         <input_file_ref idref="fl-66"/>
      </object_component>
      <object_component id="oc-36d">
         <name>.text:UART_SendPacket</name>
         <load_address>0xc97c</load_address>
         <run_address>0xc97c</run_address>
         <size>0x1e</size>
         <input_file_ref idref="fl-3"/>
      </object_component>
      <object_component id="oc-391">
         <name>.text:TimerB1_Init_UpMode_125kHz</name>
         <load_address>0xc99a</load_address>
         <run_address>0xc99a</run_address>
         <size>0x1c</size>
         <input_file_ref idref="fl-3"/>
      </object_component>
      <object_component id="oc-422">
         <name>.text:LED_TurnOff</name>
         <load_address>0xc9b6</load_address>
         <run_address>0xc9b6</run_address>
         <size>0x1a</size>
         <input_file_ref idref="fl-3"/>
      </object_component>
      <object_component id="oc-3a9">
         <name>.text:Buffer_IsEmpty</name>
         <load_address>0xc9d0</load_address>
         <run_address>0xc9d0</run_address>
         <size>0x16</size>
         <input_file_ref idref="fl-3"/>
      </object_component>
      <object_component id="oc-379">
         <name>.text:cBuffer_init</name>
         <load_address>0xc9e6</load_address>
         <run_address>0xc9e6</run_address>
         <size>0x16</size>
         <input_file_ref idref="fl-3"/>
      </object_component>
      <object_component id="oc-367">
         <name>.text</name>
         <load_address>0xc9fc</load_address>
         <run_address>0xc9fc</run_address>
         <size>0x16</size>
         <input_file_ref idref="fl-5e"/>
      </object_component>
      <object_component id="oc-37f">
         <name>.text:Clock_Init_DCO_8MHz</name>
         <load_address>0xca12</load_address>
         <run_address>0xca12</run_address>
         <size>0x14</size>
         <input_file_ref idref="fl-3"/>
      </object_component>
      <object_component id="oc-428">
         <name>.text:LED_TurnOn</name>
         <load_address>0xca26</load_address>
         <run_address>0xca26</run_address>
         <size>0x14</size>
         <input_file_ref idref="fl-3"/>
      </object_component>
      <object_component id="oc-361">
         <name>.text:Buffer_IsFull</name>
         <load_address>0xca3a</load_address>
         <run_address>0xca3a</run_address>
         <size>0xe</size>
         <input_file_ref idref="fl-3"/>
      </object_component>
      <object_component id="oc-404">
         <name>.text:UART_transmitByte</name>
         <load_address>0xca48</load_address>
         <run_address>0xca48</run_address>
         <size>0xe</size>
         <input_file_ref idref="fl-3"/>
      </object_component>
      <object_component id="oc-2d0">
         <name>.text:_isr:__TI_ISR_TRAP</name>
         <load_address>0xca56</load_address>
         <run_address>0xca56</run_address>
         <size>0x8</size>
         <input_file_ref idref="fl-43"/>
      </object_component>
      <object_component id="oc-3a3">
         <name>.text:UART_Enable_Receive_Interrupt</name>
         <load_address>0xca5e</load_address>
         <run_address>0xca5e</run_address>
         <size>0x6</size>
         <input_file_ref idref="fl-3"/>
      </object_component>
      <object_component id="oc-3c2">
         <name>.text:abort</name>
         <load_address>0xca64</load_address>
         <run_address>0xca64</run_address>
         <size>0x6</size>
         <input_file_ref idref="fl-6e"/>
      </object_component>
      <object_component id="oc-333">
         <name>.text:_system_pre_init</name>
         <load_address>0xca6a</load_address>
         <run_address>0xca6a</run_address>
         <size>0x4</size>
         <input_file_ref idref="fl-6b"/>
      </object_component>
      <object_component id="oc-442">
         <name>.text:_system_post_cinit</name>
         <load_address>0xca6e</load_address>
         <run_address>0xca6e</run_address>
         <size>0x2</size>
         <input_file_ref idref="fl-6a"/>
      </object_component>
      <object_component id="oc-376">
         <name>.bss:buffer_mem</name>
         <uninitialized>true</uninitialized>
         <run_address>0x1c00</run_address>
         <size>0x32</size>
         <input_file_ref idref="fl-2"/>
      </object_component>
      <object_component id="oc-322">
         <name>.bss:uartBuffer</name>
         <uninitialized>true</uninitialized>
         <run_address>0x1c32</run_address>
         <size>0xa</size>
         <input_file_ref idref="fl-2"/>
      </object_component>
      <object_component id="oc-3b5">
         <name>.data</name>
         <load_address>0x1c3c</load_address>
         <run_address>0x1c3c</run_address>
         <size>0x6</size>
         <input_file_ref idref="fl-2"/>
      </object_component>
      <object_component id="oc-3b8">
         <name>.data:incomingPacket</name>
         <load_address>0x1c42</load_address>
         <run_address>0x1c42</run_address>
         <size>0x5</size>
         <input_file_ref idref="fl-2"/>
      </object_component>
      <object_component id="oc-2b5">
         <name>.stack</name>
         <uninitialized>true</uninitialized>
         <run_address>0x1f60</run_address>
         <size>0x2</size>
         <input_file_ref idref="fl-66"/>
      </object_component>
      <object_component id="oc-51c">
         <name>.stack</name>
         <uninitialized>true</uninitialized>
         <run_address>0x1f60</run_address>
         <size>0x0</size>
      </object_component>
      <object_component id="oc-7a">
         <name>.int31</name>
         <load_address>0xffce</load_address>
         <run_address>0xffce</run_address>
         <size>0x2</size>
         <input_file_ref idref="fl-42"/>
      </object_component>
      <object_component id="oc-7b">
         <name>.int32</name>
         <load_address>0xffd0</load_address>
         <run_address>0xffd0</run_address>
         <size>0x2</size>
         <input_file_ref idref="fl-44"/>
      </object_component>
      <object_component id="oc-7c">
         <name>.int33</name>
         <load_address>0xffd2</load_address>
         <run_address>0xffd2</run_address>
         <size>0x2</size>
         <input_file_ref idref="fl-45"/>
      </object_component>
      <object_component id="oc-7d">
         <name>.int34</name>
         <load_address>0xffd4</load_address>
         <run_address>0xffd4</run_address>
         <size>0x2</size>
         <input_file_ref idref="fl-46"/>
      </object_component>
      <object_component id="oc-7e">
         <name>.int35</name>
         <load_address>0xffd6</load_address>
         <run_address>0xffd6</run_address>
         <size>0x2</size>
         <input_file_ref idref="fl-47"/>
      </object_component>
      <object_component id="oc-7f">
         <name>.int36</name>
         <load_address>0xffd8</load_address>
         <run_address>0xffd8</run_address>
         <size>0x2</size>
         <input_file_ref idref="fl-48"/>
      </object_component>
      <object_component id="oc-80">
         <name>.int37</name>
         <load_address>0xffda</load_address>
         <run_address>0xffda</run_address>
         <size>0x2</size>
         <input_file_ref idref="fl-49"/>
      </object_component>
      <object_component id="oc-81">
         <name>.int38</name>
         <load_address>0xffdc</load_address>
         <run_address>0xffdc</run_address>
         <size>0x2</size>
         <input_file_ref idref="fl-4a"/>
      </object_component>
      <object_component id="oc-82">
         <name>.int39</name>
         <load_address>0xffde</load_address>
         <run_address>0xffde</run_address>
         <size>0x2</size>
         <input_file_ref idref="fl-4b"/>
      </object_component>
      <object_component id="oc-83">
         <name>.int40</name>
         <load_address>0xffe0</load_address>
         <run_address>0xffe0</run_address>
         <size>0x2</size>
         <input_file_ref idref="fl-4c"/>
      </object_component>
      <object_component id="oc-84">
         <name>.int41</name>
         <load_address>0xffe2</load_address>
         <run_address>0xffe2</run_address>
         <size>0x2</size>
         <input_file_ref idref="fl-4d"/>
      </object_component>
      <object_component id="oc-85">
         <name>.int42</name>
         <load_address>0xffe4</load_address>
         <run_address>0xffe4</run_address>
         <size>0x2</size>
         <input_file_ref idref="fl-4e"/>
      </object_component>
      <object_component id="oc-86">
         <name>.int43</name>
         <load_address>0xffe6</load_address>
         <run_address>0xffe6</run_address>
         <size>0x2</size>
         <input_file_ref idref="fl-4f"/>
      </object_component>
      <object_component id="oc-87">
         <name>.int44</name>
         <load_address>0xffe8</load_address>
         <run_address>0xffe8</run_address>
         <size>0x2</size>
         <input_file_ref idref="fl-50"/>
      </object_component>
      <object_component id="oc-88">
         <name>.int45</name>
         <load_address>0xffea</load_address>
         <run_address>0xffea</run_address>
         <size>0x2</size>
         <input_file_ref idref="fl-51"/>
      </object_component>
      <object_component id="oc-89">
         <name>.int46</name>
         <load_address>0xffec</load_address>
         <run_address>0xffec</run_address>
         <size>0x2</size>
         <input_file_ref idref="fl-52"/>
      </object_component>
      <object_component id="oc-8a">
         <name>.int47</name>
         <load_address>0xffee</load_address>
         <run_address>0xffee</run_address>
         <size>0x2</size>
         <input_file_ref idref="fl-53"/>
      </object_component>
      <object_component id="oc-8b">
         <name>.int48</name>
         <load_address>0xfff0</load_address>
         <run_address>0xfff0</run_address>
         <size>0x2</size>
         <input_file_ref idref="fl-2"/>
      </object_component>
      <object_component id="oc-8c">
         <name>.int49</name>
         <load_address>0xfff2</load_address>
         <run_address>0xfff2</run_address>
         <size>0x2</size>
         <input_file_ref idref="fl-54"/>
      </object_component>
      <object_component id="oc-8d">
         <name>.int50</name>
         <load_address>0xfff4</load_address>
         <run_address>0xfff4</run_address>
         <size>0x2</size>
         <input_file_ref idref="fl-55"/>
      </object_component>
      <object_component id="oc-8e">
         <name>.int51</name>
         <load_address>0xfff6</load_address>
         <run_address>0xfff6</run_address>
         <size>0x2</size>
         <input_file_ref idref="fl-56"/>
      </object_component>
      <object_component id="oc-8f">
         <name>.int52</name>
         <load_address>0xfff8</load_address>
         <run_address>0xfff8</run_address>
         <size>0x2</size>
         <input_file_ref idref="fl-57"/>
      </object_component>
      <object_component id="oc-90">
         <name>.int53</name>
         <load_address>0xfffa</load_address>
         <run_address>0xfffa</run_address>
         <size>0x2</size>
         <input_file_ref idref="fl-58"/>
      </object_component>
      <object_component id="oc-91">
         <name>.int54</name>
         <load_address>0xfffc</load_address>
         <run_address>0xfffc</run_address>
         <size>0x2</size>
         <input_file_ref idref="fl-59"/>
      </object_component>
      <object_component id="oc-2b8">
         <name>.reset</name>
         <load_address>0xfffe</load_address>
         <run_address>0xfffe</run_address>
         <size>0x2</size>
         <input_file_ref idref="fl-66"/>
      </object_component>
      <object_component id="oc-401">
         <name>.debug_info</name>
         <load_address>0x0</load_address>
         <run_address>0x0</run_address>
         <size>0x4ad</size>
         <input_file_ref idref="fl-2"/>
      </object_component>
      <object_component id="oc-377">
         <name>.debug_info</name>
         <load_address>0x4ad</load_address>
         <run_address>0x4ad</run_address>
         <size>0xd7</size>
         <input_file_ref idref="fl-2"/>
      </object_component>
      <object_component id="oc-323">
         <name>.debug_info</name>
         <load_address>0x584</load_address>
         <run_address>0x584</run_address>
         <size>0xd7</size>
         <input_file_ref idref="fl-2"/>
      </object_component>
      <object_component id="oc-3b6">
         <name>.debug_info</name>
         <load_address>0x65b</load_address>
         <run_address>0x65b</run_address>
         <size>0x12e</size>
         <input_file_ref idref="fl-2"/>
      </object_component>
      <object_component id="oc-3b9">
         <name>.debug_info</name>
         <load_address>0x789</load_address>
         <run_address>0x789</run_address>
         <size>0xe0</size>
         <input_file_ref idref="fl-2"/>
      </object_component>
      <object_component id="oc-3bc">
         <name>.debug_info</name>
         <load_address>0x869</load_address>
         <run_address>0x869</run_address>
         <size>0x190</size>
         <input_file_ref idref="fl-2"/>
      </object_component>
      <object_component id="oc-33b">
         <name>.debug_info</name>
         <load_address>0x9f9</load_address>
         <run_address>0x9f9</run_address>
         <size>0x229</size>
         <input_file_ref idref="fl-2"/>
      </object_component>
      <object_component id="oc-2d6">
         <name>.debug_info</name>
         <load_address>0xc22</load_address>
         <run_address>0xc22</run_address>
         <size>0x12c</size>
         <input_file_ref idref="fl-2"/>
      </object_component>
      <object_component id="oc-35c">
         <name>.debug_info</name>
         <load_address>0xd4e</load_address>
         <run_address>0xd4e</run_address>
         <size>0x9a</size>
         <input_file_ref idref="fl-2"/>
      </object_component>
      <object_component id="oc-41d">
         <name>.debug_info</name>
         <load_address>0xde8</load_address>
         <run_address>0xde8</run_address>
         <size>0xde</size>
         <input_file_ref idref="fl-2"/>
      </object_component>
      <object_component id="oc-2bf">
         <name>.debug_info</name>
         <load_address>0xec6</load_address>
         <run_address>0xec6</run_address>
         <size>0x84</size>
         <input_file_ref idref="fl-2"/>
      </object_component>
      <object_component id="oc-374">
         <name>.debug_info</name>
         <load_address>0xf4a</load_address>
         <run_address>0xf4a</run_address>
         <size>0x434</size>
         <input_file_ref idref="fl-3"/>
      </object_component>
      <object_component id="oc-37a">
         <name>.debug_info</name>
         <load_address>0x137e</load_address>
         <run_address>0x137e</run_address>
         <size>0x1a8</size>
         <input_file_ref idref="fl-3"/>
      </object_component>
      <object_component id="oc-405">
         <name>.debug_info</name>
         <load_address>0x1526</load_address>
         <run_address>0x1526</run_address>
         <size>0x17a</size>
         <input_file_ref idref="fl-3"/>
      </object_component>
      <object_component id="oc-36e">
         <name>.debug_info</name>
         <load_address>0x16a0</load_address>
         <run_address>0x16a0</run_address>
         <size>0x1c3</size>
         <input_file_ref idref="fl-3"/>
      </object_component>
      <object_component id="oc-39e">
         <name>.debug_info</name>
         <load_address>0x1863</load_address>
         <run_address>0x1863</run_address>
         <size>0x176</size>
         <input_file_ref idref="fl-3"/>
      </object_component>
      <object_component id="oc-3a4">
         <name>.debug_info</name>
         <load_address>0x19d9</load_address>
         <run_address>0x19d9</run_address>
         <size>0x170</size>
         <input_file_ref idref="fl-3"/>
      </object_component>
      <object_component id="oc-398">
         <name>.debug_info</name>
         <load_address>0x1b49</load_address>
         <run_address>0x1b49</run_address>
         <size>0x1d6</size>
         <input_file_ref idref="fl-3"/>
      </object_component>
      <object_component id="oc-392">
         <name>.debug_info</name>
         <load_address>0x1d1f</load_address>
         <run_address>0x1d1f</run_address>
         <size>0x1b0</size>
         <input_file_ref idref="fl-3"/>
      </object_component>
      <object_component id="oc-429">
         <name>.debug_info</name>
         <load_address>0x1ecf</load_address>
         <run_address>0x1ecf</run_address>
         <size>0x16c</size>
         <input_file_ref idref="fl-3"/>
      </object_component>
      <object_component id="oc-423">
         <name>.debug_info</name>
         <load_address>0x203b</load_address>
         <run_address>0x203b</run_address>
         <size>0x16e</size>
         <input_file_ref idref="fl-3"/>
      </object_component>
      <object_component id="oc-38c">
         <name>.debug_info</name>
         <load_address>0x21a9</load_address>
         <run_address>0x21a9</run_address>
         <size>0x168</size>
         <input_file_ref idref="fl-3"/>
      </object_component>
      <object_component id="oc-386">
         <name>.debug_info</name>
         <load_address>0x2311</load_address>
         <run_address>0x2311</run_address>
         <size>0x182</size>
         <input_file_ref idref="fl-3"/>
      </object_component>
      <object_component id="oc-380">
         <name>.debug_info</name>
         <load_address>0x2493</load_address>
         <run_address>0x2493</run_address>
         <size>0x15c</size>
         <input_file_ref idref="fl-3"/>
      </object_component>
      <object_component id="oc-362">
         <name>.debug_info</name>
         <load_address>0x25ef</load_address>
         <run_address>0x25ef</run_address>
         <size>0x16e</size>
         <input_file_ref idref="fl-3"/>
      </object_component>
      <object_component id="oc-326">
         <name>.debug_info</name>
         <load_address>0x275d</load_address>
         <run_address>0x275d</run_address>
         <size>0x1c6</size>
         <input_file_ref idref="fl-3"/>
      </object_component>
      <object_component id="oc-3aa">
         <name>.debug_info</name>
         <load_address>0x2923</load_address>
         <run_address>0x2923</run_address>
         <size>0x170</size>
         <input_file_ref idref="fl-3"/>
      </object_component>
      <object_component id="oc-3b0">
         <name>.debug_info</name>
         <load_address>0x2a93</load_address>
         <run_address>0x2a93</run_address>
         <size>0x1b6</size>
         <input_file_ref idref="fl-3"/>
      </object_component>
      <object_component id="oc-70">
         <name>.debug_info</name>
         <load_address>0x2c49</load_address>
         <run_address>0x2c49</run_address>
         <size>0x2b8</size>
         <input_file_ref idref="fl-40"/>
      </object_component>
      <object_component id="oc-355">
         <name>.debug_info</name>
         <load_address>0x2f01</load_address>
         <run_address>0x2f01</run_address>
         <size>0x46</size>
         <input_file_ref idref="fl-40"/>
      </object_component>
      <object_component id="oc-319">
         <name>.debug_info</name>
         <load_address>0x2f47</load_address>
         <run_address>0x2f47</run_address>
         <size>0x39</size>
         <input_file_ref idref="fl-40"/>
      </object_component>
      <object_component id="oc-2ba">
         <name>.debug_info</name>
         <load_address>0x2f80</load_address>
         <run_address>0x2f80</run_address>
         <size>0x60</size>
         <input_file_ref idref="fl-40"/>
      </object_component>
      <object_component id="oc-2cf">
         <name>.debug_info</name>
         <load_address>0x2fe0</load_address>
         <run_address>0x2fe0</run_address>
         <size>0x1da</size>
         <input_file_ref idref="fl-41"/>
      </object_component>
      <object_component id="oc-78">
         <name>.debug_info</name>
         <load_address>0x31ba</load_address>
         <run_address>0x31ba</run_address>
         <size>0x1f2</size>
         <input_file_ref idref="fl-41"/>
      </object_component>
      <object_component id="oc-2ca">
         <name>.debug_info</name>
         <load_address>0x33ac</load_address>
         <run_address>0x33ac</run_address>
         <size>0x46</size>
         <input_file_ref idref="fl-41"/>
      </object_component>
      <object_component id="oc-2d2">
         <name>.debug_info</name>
         <load_address>0x33f2</load_address>
         <run_address>0x33f2</run_address>
         <size>0x10f</size>
         <input_file_ref idref="fl-43"/>
      </object_component>
      <object_component id="oc-2dc">
         <name>.debug_info</name>
         <load_address>0x3501</load_address>
         <run_address>0x3501</run_address>
         <size>0x1d3</size>
         <input_file_ref idref="fl-5a"/>
      </object_component>
      <object_component id="oc-32d">
         <name>.debug_info</name>
         <load_address>0x36d4</load_address>
         <run_address>0x36d4</run_address>
         <size>0x46</size>
         <input_file_ref idref="fl-5a"/>
      </object_component>
      <object_component id="oc-2c5">
         <name>.debug_info</name>
         <load_address>0x371a</load_address>
         <run_address>0x371a</run_address>
         <size>0x121</size>
         <input_file_ref idref="fl-5b"/>
      </object_component>
      <object_component id="oc-368">
         <name>.debug_info</name>
         <load_address>0x383b</load_address>
         <run_address>0x383b</run_address>
         <size>0x121</size>
         <input_file_ref idref="fl-5e"/>
      </object_component>
      <object_component id="oc-2b6">
         <name>.debug_info</name>
         <load_address>0x395c</load_address>
         <run_address>0x395c</run_address>
         <size>0x100</size>
         <input_file_ref idref="fl-66"/>
      </object_component>
      <object_component id="oc-307">
         <name>.debug_info</name>
         <load_address>0x3a5c</load_address>
         <run_address>0x3a5c</run_address>
         <size>0x193</size>
         <input_file_ref idref="fl-66"/>
      </object_component>
      <object_component id="oc-34e">
         <name>.debug_info</name>
         <load_address>0x3bef</load_address>
         <run_address>0x3bef</run_address>
         <size>0x115</size>
         <input_file_ref idref="fl-67"/>
      </object_component>
      <object_component id="oc-449">
         <name>.debug_info</name>
         <load_address>0x3d04</load_address>
         <run_address>0x3d04</run_address>
         <size>0x409</size>
         <input_file_ref idref="fl-69"/>
      </object_component>
      <object_component id="oc-3e7">
         <name>.debug_info</name>
         <load_address>0x410d</load_address>
         <run_address>0x410d</run_address>
         <size>0x216</size>
         <input_file_ref idref="fl-69"/>
      </object_component>
      <object_component id="oc-47f">
         <name>.debug_info</name>
         <load_address>0x4323</load_address>
         <run_address>0x4323</run_address>
         <size>0x39</size>
         <input_file_ref idref="fl-69"/>
      </object_component>
      <object_component id="oc-496">
         <name>.debug_info</name>
         <load_address>0x435c</load_address>
         <run_address>0x435c</run_address>
         <size>0x2c</size>
         <input_file_ref idref="fl-69"/>
      </object_component>
      <object_component id="oc-454">
         <name>.debug_info</name>
         <load_address>0x4388</load_address>
         <run_address>0x4388</run_address>
         <size>0x2c</size>
         <input_file_ref idref="fl-69"/>
      </object_component>
      <object_component id="oc-484">
         <name>.debug_info</name>
         <load_address>0x43b4</load_address>
         <run_address>0x43b4</run_address>
         <size>0xcd</size>
         <input_file_ref idref="fl-69"/>
      </object_component>
      <object_component id="oc-443">
         <name>.debug_info</name>
         <load_address>0x4481</load_address>
         <run_address>0x4481</run_address>
         <size>0x150</size>
         <input_file_ref idref="fl-6a"/>
      </object_component>
      <object_component id="oc-337">
         <name>.debug_info</name>
         <load_address>0x45d1</load_address>
         <run_address>0x45d1</run_address>
         <size>0x153</size>
         <input_file_ref idref="fl-6b"/>
      </object_component>
      <object_component id="oc-3c4">
         <name>.debug_info</name>
         <load_address>0x4724</load_address>
         <run_address>0x4724</run_address>
         <size>0x122</size>
         <input_file_ref idref="fl-6e"/>
      </object_component>
      <object_component id="oc-51d">
         <name>.debug_info</name>
         <load_address>0x4846</load_address>
         <run_address>0x4846</run_address>
         <size>0xa3</size>
      </object_component>
      <object_component id="oc-464">
         <name>.debug_line</name>
         <load_address>0x0</load_address>
         <run_address>0x0</run_address>
         <size>0x84</size>
         <input_file_ref idref="fl-2"/>
      </object_component>
      <object_component id="oc-40e">
         <name>.debug_line</name>
         <load_address>0x84</load_address>
         <run_address>0x84</run_address>
         <size>0x2d</size>
         <input_file_ref idref="fl-2"/>
      </object_component>
      <object_component id="oc-35b">
         <name>.debug_line</name>
         <load_address>0xb1</load_address>
         <run_address>0xb1</run_address>
         <size>0x2d</size>
         <input_file_ref idref="fl-2"/>
      </object_component>
      <object_component id="oc-41a">
         <name>.debug_line</name>
         <load_address>0xde</load_address>
         <run_address>0xde</run_address>
         <size>0x2d</size>
         <input_file_ref idref="fl-2"/>
      </object_component>
      <object_component id="oc-41c">
         <name>.debug_line</name>
         <load_address>0x10b</load_address>
         <run_address>0x10b</run_address>
         <size>0x2d</size>
         <input_file_ref idref="fl-2"/>
      </object_component>
      <object_component id="oc-3bf">
         <name>.debug_line</name>
         <load_address>0x138</load_address>
         <run_address>0x138</run_address>
         <size>0x5d</size>
         <input_file_ref idref="fl-2"/>
      </object_component>
      <object_component id="oc-33a">
         <name>.debug_line</name>
         <load_address>0x195</load_address>
         <run_address>0x195</run_address>
         <size>0x76</size>
         <input_file_ref idref="fl-2"/>
      </object_component>
      <object_component id="oc-2d9">
         <name>.debug_line</name>
         <load_address>0x20b</load_address>
         <run_address>0x20b</run_address>
         <size>0x4f</size>
         <input_file_ref idref="fl-2"/>
      </object_component>
      <object_component id="oc-35f">
         <name>.debug_line</name>
         <load_address>0x25a</load_address>
         <run_address>0x25a</run_address>
         <size>0x48</size>
         <input_file_ref idref="fl-2"/>
      </object_component>
      <object_component id="oc-420">
         <name>.debug_line</name>
         <load_address>0x2a2</load_address>
         <run_address>0x2a2</run_address>
         <size>0x2d</size>
         <input_file_ref idref="fl-2"/>
      </object_component>
      <object_component id="oc-2c2">
         <name>.debug_line</name>
         <load_address>0x2cf</load_address>
         <run_address>0x2cf</run_address>
         <size>0x20</size>
         <input_file_ref idref="fl-2"/>
      </object_component>
      <object_component id="oc-40c">
         <name>.debug_line</name>
         <load_address>0x2ef</load_address>
         <run_address>0x2ef</run_address>
         <size>0x5c</size>
         <input_file_ref idref="fl-3"/>
      </object_component>
      <object_component id="oc-37d">
         <name>.debug_line</name>
         <load_address>0x34b</load_address>
         <run_address>0x34b</run_address>
         <size>0x5f</size>
         <input_file_ref idref="fl-3"/>
      </object_component>
      <object_component id="oc-409">
         <name>.debug_line</name>
         <load_address>0x3aa</load_address>
         <run_address>0x3aa</run_address>
         <size>0x5e</size>
         <input_file_ref idref="fl-3"/>
      </object_component>
      <object_component id="oc-371">
         <name>.debug_line</name>
         <load_address>0x408</load_address>
         <run_address>0x408</run_address>
         <size>0x61</size>
         <input_file_ref idref="fl-3"/>
      </object_component>
      <object_component id="oc-3a2">
         <name>.debug_line</name>
         <load_address>0x469</load_address>
         <run_address>0x469</run_address>
         <size>0x66</size>
         <input_file_ref idref="fl-3"/>
      </object_component>
      <object_component id="oc-3a8">
         <name>.debug_line</name>
         <load_address>0x4cf</load_address>
         <run_address>0x4cf</run_address>
         <size>0x5b</size>
         <input_file_ref idref="fl-3"/>
      </object_component>
      <object_component id="oc-39c">
         <name>.debug_line</name>
         <load_address>0x52a</load_address>
         <run_address>0x52a</run_address>
         <size>0x67</size>
         <input_file_ref idref="fl-3"/>
      </object_component>
      <object_component id="oc-396">
         <name>.debug_line</name>
         <load_address>0x591</load_address>
         <run_address>0x591</run_address>
         <size>0x5f</size>
         <input_file_ref idref="fl-3"/>
      </object_component>
      <object_component id="oc-42d">
         <name>.debug_line</name>
         <load_address>0x5f0</load_address>
         <run_address>0x5f0</run_address>
         <size>0x5c</size>
         <input_file_ref idref="fl-3"/>
      </object_component>
      <object_component id="oc-426">
         <name>.debug_line</name>
         <load_address>0x64c</load_address>
         <run_address>0x64c</run_address>
         <size>0x5c</size>
         <input_file_ref idref="fl-3"/>
      </object_component>
      <object_component id="oc-390">
         <name>.debug_line</name>
         <load_address>0x6a8</load_address>
         <run_address>0x6a8</run_address>
         <size>0x61</size>
         <input_file_ref idref="fl-3"/>
      </object_component>
      <object_component id="oc-389">
         <name>.debug_line</name>
         <load_address>0x709</load_address>
         <run_address>0x709</run_address>
         <size>0x81</size>
         <input_file_ref idref="fl-3"/>
      </object_component>
      <object_component id="oc-384">
         <name>.debug_line</name>
         <load_address>0x78a</load_address>
         <run_address>0x78a</run_address>
         <size>0x5a</size>
         <input_file_ref idref="fl-3"/>
      </object_component>
      <object_component id="oc-365">
         <name>.debug_line</name>
         <load_address>0x7e4</load_address>
         <run_address>0x7e4</run_address>
         <size>0x5b</size>
         <input_file_ref idref="fl-3"/>
      </object_component>
      <object_component id="oc-32a">
         <name>.debug_line</name>
         <load_address>0x83f</load_address>
         <run_address>0x83f</run_address>
         <size>0x64</size>
         <input_file_ref idref="fl-3"/>
      </object_component>
      <object_component id="oc-3ad">
         <name>.debug_line</name>
         <load_address>0x8a3</load_address>
         <run_address>0x8a3</run_address>
         <size>0x5b</size>
         <input_file_ref idref="fl-3"/>
      </object_component>
      <object_component id="oc-3b4">
         <name>.debug_line</name>
         <load_address>0x8fe</load_address>
         <run_address>0x8fe</run_address>
         <size>0x67</size>
         <input_file_ref idref="fl-3"/>
      </object_component>
      <object_component id="oc-6f">
         <name>.debug_line</name>
         <load_address>0x965</load_address>
         <run_address>0x965</run_address>
         <size>0x9d</size>
         <input_file_ref idref="fl-40"/>
      </object_component>
      <object_component id="oc-358">
         <name>.debug_line</name>
         <load_address>0xa02</load_address>
         <run_address>0xa02</run_address>
         <size>0x9a</size>
         <input_file_ref idref="fl-40"/>
      </object_component>
      <object_component id="oc-31c">
         <name>.debug_line</name>
         <load_address>0xa9c</load_address>
         <run_address>0xa9c</run_address>
         <size>0x96</size>
         <input_file_ref idref="fl-40"/>
      </object_component>
      <object_component id="oc-2bd">
         <name>.debug_line</name>
         <load_address>0xb32</load_address>
         <run_address>0xb32</run_address>
         <size>0x3a</size>
         <input_file_ref idref="fl-40"/>
      </object_component>
      <object_component id="oc-320">
         <name>.debug_line</name>
         <load_address>0xb6c</load_address>
         <run_address>0xb6c</run_address>
         <size>0x3a</size>
         <input_file_ref idref="fl-41"/>
      </object_component>
      <object_component id="oc-75">
         <name>.debug_line</name>
         <load_address>0xba6</load_address>
         <run_address>0xba6</run_address>
         <size>0x50</size>
         <input_file_ref idref="fl-41"/>
      </object_component>
      <object_component id="oc-2cd">
         <name>.debug_line</name>
         <load_address>0xbf6</load_address>
         <run_address>0xbf6</run_address>
         <size>0x3a</size>
         <input_file_ref idref="fl-41"/>
      </object_component>
      <object_component id="oc-2d1">
         <name>.debug_line</name>
         <load_address>0xc30</load_address>
         <run_address>0xc30</run_address>
         <size>0x3d</size>
         <input_file_ref idref="fl-43"/>
      </object_component>
      <object_component id="oc-2df">
         <name>.debug_line</name>
         <load_address>0xc6d</load_address>
         <run_address>0xc6d</run_address>
         <size>0x4e</size>
         <input_file_ref idref="fl-5a"/>
      </object_component>
      <object_component id="oc-330">
         <name>.debug_line</name>
         <load_address>0xcbb</load_address>
         <run_address>0xcbb</run_address>
         <size>0x34</size>
         <input_file_ref idref="fl-5a"/>
      </object_component>
      <object_component id="oc-2c8">
         <name>.debug_line</name>
         <load_address>0xcef</load_address>
         <run_address>0xcef</run_address>
         <size>0x52</size>
         <input_file_ref idref="fl-5b"/>
      </object_component>
      <object_component id="oc-36b">
         <name>.debug_line</name>
         <load_address>0xd41</load_address>
         <run_address>0xd41</run_address>
         <size>0x43</size>
         <input_file_ref idref="fl-5e"/>
      </object_component>
      <object_component id="oc-318">
         <name>.debug_line</name>
         <load_address>0xd84</load_address>
         <run_address>0xd84</run_address>
         <size>0x2a</size>
         <input_file_ref idref="fl-66"/>
      </object_component>
      <object_component id="oc-306">
         <name>.debug_line</name>
         <load_address>0xdae</load_address>
         <run_address>0xdae</run_address>
         <size>0x4b</size>
         <input_file_ref idref="fl-66"/>
      </object_component>
      <object_component id="oc-34d">
         <name>.debug_line</name>
         <load_address>0xdf9</load_address>
         <run_address>0xdf9</run_address>
         <size>0x4e</size>
         <input_file_ref idref="fl-67"/>
      </object_component>
      <object_component id="oc-47e">
         <name>.debug_line</name>
         <load_address>0xe47</load_address>
         <run_address>0xe47</run_address>
         <size>0xbf</size>
         <input_file_ref idref="fl-69"/>
      </object_component>
      <object_component id="oc-3ea">
         <name>.debug_line</name>
         <load_address>0xf06</load_address>
         <run_address>0xf06</run_address>
         <size>0x84</size>
         <input_file_ref idref="fl-69"/>
      </object_component>
      <object_component id="oc-482">
         <name>.debug_line</name>
         <load_address>0xf8a</load_address>
         <run_address>0xf8a</run_address>
         <size>0x2e</size>
         <input_file_ref idref="fl-69"/>
      </object_component>
      <object_component id="oc-499">
         <name>.debug_line</name>
         <load_address>0xfb8</load_address>
         <run_address>0xfb8</run_address>
         <size>0x9a</size>
         <input_file_ref idref="fl-69"/>
      </object_component>
      <object_component id="oc-457">
         <name>.debug_line</name>
         <load_address>0x1052</load_address>
         <run_address>0x1052</run_address>
         <size>0x97</size>
         <input_file_ref idref="fl-69"/>
      </object_component>
      <object_component id="oc-487">
         <name>.debug_line</name>
         <load_address>0x10e9</load_address>
         <run_address>0x10e9</run_address>
         <size>0x93</size>
         <input_file_ref idref="fl-69"/>
      </object_component>
      <object_component id="oc-446">
         <name>.debug_line</name>
         <load_address>0x117c</load_address>
         <run_address>0x117c</run_address>
         <size>0x3a</size>
         <input_file_ref idref="fl-6a"/>
      </object_component>
      <object_component id="oc-336">
         <name>.debug_line</name>
         <load_address>0x11b6</load_address>
         <run_address>0x11b6</run_address>
         <size>0x3e</size>
         <input_file_ref idref="fl-6b"/>
      </object_component>
      <object_component id="oc-3c6">
         <name>.debug_line</name>
         <load_address>0x11f4</load_address>
         <run_address>0x11f4</run_address>
         <size>0x3d</size>
         <input_file_ref idref="fl-6e"/>
      </object_component>
      <object_component id="oc-3c0">
         <name>.debug_frame</name>
         <load_address>0x0</load_address>
         <run_address>0x0</run_address>
         <size>0x44</size>
         <input_file_ref idref="fl-2"/>
      </object_component>
      <object_component id="oc-33e">
         <name>.debug_frame</name>
         <load_address>0x44</load_address>
         <run_address>0x44</run_address>
         <size>0x40</size>
         <input_file_ref idref="fl-2"/>
      </object_component>
      <object_component id="oc-2da">
         <name>.debug_frame</name>
         <load_address>0x84</load_address>
         <run_address>0x84</run_address>
         <size>0x4c</size>
         <input_file_ref idref="fl-2"/>
      </object_component>
      <object_component id="oc-37e">
         <name>.debug_frame</name>
         <load_address>0xd0</load_address>
         <run_address>0xd0</run_address>
         <size>0x3c</size>
         <input_file_ref idref="fl-3"/>
      </object_component>
      <object_component id="oc-408">
         <name>.debug_frame</name>
         <load_address>0x10c</load_address>
         <run_address>0x10c</run_address>
         <size>0x3c</size>
         <input_file_ref idref="fl-3"/>
      </object_component>
      <object_component id="oc-372">
         <name>.debug_frame</name>
         <load_address>0x148</load_address>
         <run_address>0x148</run_address>
         <size>0x3c</size>
         <input_file_ref idref="fl-3"/>
      </object_component>
      <object_component id="oc-3a1">
         <name>.debug_frame</name>
         <load_address>0x184</load_address>
         <run_address>0x184</run_address>
         <size>0x3c</size>
         <input_file_ref idref="fl-3"/>
      </object_component>
      <object_component id="oc-3a7">
         <name>.debug_frame</name>
         <load_address>0x1c0</load_address>
         <run_address>0x1c0</run_address>
         <size>0x3c</size>
         <input_file_ref idref="fl-3"/>
      </object_component>
      <object_component id="oc-39b">
         <name>.debug_frame</name>
         <load_address>0x1fc</load_address>
         <run_address>0x1fc</run_address>
         <size>0x3c</size>
         <input_file_ref idref="fl-3"/>
      </object_component>
      <object_component id="oc-395">
         <name>.debug_frame</name>
         <load_address>0x238</load_address>
         <run_address>0x238</run_address>
         <size>0x3c</size>
         <input_file_ref idref="fl-3"/>
      </object_component>
      <object_component id="oc-42c">
         <name>.debug_frame</name>
         <load_address>0x274</load_address>
         <run_address>0x274</run_address>
         <size>0x3c</size>
         <input_file_ref idref="fl-3"/>
      </object_component>
      <object_component id="oc-427">
         <name>.debug_frame</name>
         <load_address>0x2b0</load_address>
         <run_address>0x2b0</run_address>
         <size>0x3c</size>
         <input_file_ref idref="fl-3"/>
      </object_component>
      <object_component id="oc-38f">
         <name>.debug_frame</name>
         <load_address>0x2ec</load_address>
         <run_address>0x2ec</run_address>
         <size>0x3c</size>
         <input_file_ref idref="fl-3"/>
      </object_component>
      <object_component id="oc-38a">
         <name>.debug_frame</name>
         <load_address>0x328</load_address>
         <run_address>0x328</run_address>
         <size>0x3c</size>
         <input_file_ref idref="fl-3"/>
      </object_component>
      <object_component id="oc-383">
         <name>.debug_frame</name>
         <load_address>0x364</load_address>
         <run_address>0x364</run_address>
         <size>0x3c</size>
         <input_file_ref idref="fl-3"/>
      </object_component>
      <object_component id="oc-366">
         <name>.debug_frame</name>
         <load_address>0x3a0</load_address>
         <run_address>0x3a0</run_address>
         <size>0x3c</size>
         <input_file_ref idref="fl-3"/>
      </object_component>
      <object_component id="oc-329">
         <name>.debug_frame</name>
         <load_address>0x3dc</load_address>
         <run_address>0x3dc</run_address>
         <size>0x44</size>
         <input_file_ref idref="fl-3"/>
      </object_component>
      <object_component id="oc-3ae">
         <name>.debug_frame</name>
         <load_address>0x420</load_address>
         <run_address>0x420</run_address>
         <size>0x3c</size>
         <input_file_ref idref="fl-3"/>
      </object_component>
      <object_component id="oc-3b3">
         <name>.debug_frame</name>
         <load_address>0x45c</load_address>
         <run_address>0x45c</run_address>
         <size>0x48</size>
         <input_file_ref idref="fl-3"/>
      </object_component>
      <object_component id="oc-73">
         <name>.debug_frame</name>
         <load_address>0x4a4</load_address>
         <run_address>0x4a4</run_address>
         <size>0x6c</size>
         <input_file_ref idref="fl-40"/>
      </object_component>
      <object_component id="oc-76">
         <name>.debug_frame</name>
         <load_address>0x510</load_address>
         <run_address>0x510</run_address>
         <size>0x48</size>
         <input_file_ref idref="fl-41"/>
      </object_component>
      <object_component id="oc-2e0">
         <name>.debug_frame</name>
         <load_address>0x558</load_address>
         <run_address>0x558</run_address>
         <size>0x44</size>
         <input_file_ref idref="fl-5a"/>
      </object_component>
      <object_component id="oc-30a">
         <name>.debug_frame</name>
         <load_address>0x59c</load_address>
         <run_address>0x59c</run_address>
         <size>0x34</size>
         <input_file_ref idref="fl-66"/>
      </object_component>
      <object_component id="oc-350">
         <name>.debug_frame</name>
         <load_address>0x6cc</load_address>
         <run_address>0x6cc</run_address>
         <size>0x39</size>
         <input_file_ref idref="fl-67"/>
      </object_component>
      <object_component id="oc-3eb">
         <name>.debug_frame</name>
         <load_address>0x5d0</load_address>
         <run_address>0x5d0</run_address>
         <size>0x48</size>
         <input_file_ref idref="fl-69"/>
      </object_component>
      <object_component id="oc-447">
         <name>.debug_frame</name>
         <load_address>0x618</load_address>
         <run_address>0x618</run_address>
         <size>0x3c</size>
         <input_file_ref idref="fl-6a"/>
      </object_component>
      <object_component id="oc-335">
         <name>.debug_frame</name>
         <load_address>0x654</load_address>
         <run_address>0x654</run_address>
         <size>0x3c</size>
         <input_file_ref idref="fl-6b"/>
      </object_component>
      <object_component id="oc-3c7">
         <name>.debug_frame</name>
         <load_address>0x690</load_address>
         <run_address>0x690</run_address>
         <size>0x3c</size>
         <input_file_ref idref="fl-6e"/>
      </object_component>
      <object_component id="oc-463">
         <name>.debug_abbrev</name>
         <load_address>0x0</load_address>
         <run_address>0x0</run_address>
         <size>0xc6</size>
         <input_file_ref idref="fl-2"/>
      </object_component>
      <object_component id="oc-40d">
         <name>.debug_abbrev</name>
         <load_address>0xc6</load_address>
         <run_address>0xc6</run_address>
         <size>0x27</size>
         <input_file_ref idref="fl-2"/>
      </object_component>
      <object_component id="oc-35a">
         <name>.debug_abbrev</name>
         <load_address>0xed</load_address>
         <run_address>0xed</run_address>
         <size>0x27</size>
         <input_file_ref idref="fl-2"/>
      </object_component>
      <object_component id="oc-419">
         <name>.debug_abbrev</name>
         <load_address>0x114</load_address>
         <run_address>0x114</run_address>
         <size>0x29</size>
         <input_file_ref idref="fl-2"/>
      </object_component>
      <object_component id="oc-41b">
         <name>.debug_abbrev</name>
         <load_address>0x13d</load_address>
         <run_address>0x13d</run_address>
         <size>0x29</size>
         <input_file_ref idref="fl-2"/>
      </object_component>
      <object_component id="oc-42f">
         <name>.debug_abbrev</name>
         <load_address>0x166</load_address>
         <run_address>0x166</run_address>
         <size>0x7a</size>
         <input_file_ref idref="fl-2"/>
      </object_component>
      <object_component id="oc-3c1">
         <name>.debug_abbrev</name>
         <load_address>0x1e0</load_address>
         <run_address>0x1e0</run_address>
         <size>0x52</size>
         <input_file_ref idref="fl-2"/>
      </object_component>
      <object_component id="oc-32b">
         <name>.debug_abbrev</name>
         <load_address>0x232</load_address>
         <run_address>0x232</run_address>
         <size>0x6f</size>
         <input_file_ref idref="fl-2"/>
      </object_component>
      <object_component id="oc-35e">
         <name>.debug_abbrev</name>
         <load_address>0x2a1</load_address>
         <run_address>0x2a1</run_address>
         <size>0x49</size>
         <input_file_ref idref="fl-2"/>
      </object_component>
      <object_component id="oc-41f">
         <name>.debug_abbrev</name>
         <load_address>0x2ea</load_address>
         <run_address>0x2ea</run_address>
         <size>0x69</size>
         <input_file_ref idref="fl-2"/>
      </object_component>
      <object_component id="oc-2c1">
         <name>.debug_abbrev</name>
         <load_address>0x353</load_address>
         <run_address>0x353</run_address>
         <size>0x1f</size>
         <input_file_ref idref="fl-2"/>
      </object_component>
      <object_component id="oc-40b">
         <name>.debug_abbrev</name>
         <load_address>0x372</load_address>
         <run_address>0x372</run_address>
         <size>0x54</size>
         <input_file_ref idref="fl-3"/>
      </object_component>
      <object_component id="oc-40f">
         <name>.debug_abbrev</name>
         <load_address>0x3c6</load_address>
         <run_address>0x3c6</run_address>
         <size>0x6c</size>
         <input_file_ref idref="fl-3"/>
      </object_component>
      <object_component id="oc-465">
         <name>.debug_abbrev</name>
         <load_address>0x432</load_address>
         <run_address>0x432</run_address>
         <size>0x6c</size>
         <input_file_ref idref="fl-3"/>
      </object_component>
      <object_component id="oc-40a">
         <name>.debug_abbrev</name>
         <load_address>0x49e</load_address>
         <run_address>0x49e</run_address>
         <size>0x7a</size>
         <input_file_ref idref="fl-3"/>
      </object_component>
      <object_component id="oc-415">
         <name>.debug_abbrev</name>
         <load_address>0x518</load_address>
         <run_address>0x518</run_address>
         <size>0x50</size>
         <input_file_ref idref="fl-3"/>
      </object_component>
      <object_component id="oc-416">
         <name>.debug_abbrev</name>
         <load_address>0x568</load_address>
         <run_address>0x568</run_address>
         <size>0x50</size>
         <input_file_ref idref="fl-3"/>
      </object_component>
      <object_component id="oc-414">
         <name>.debug_abbrev</name>
         <load_address>0x5b8</load_address>
         <run_address>0x5b8</run_address>
         <size>0x6c</size>
         <input_file_ref idref="fl-3"/>
      </object_component>
      <object_component id="oc-413">
         <name>.debug_abbrev</name>
         <load_address>0x624</load_address>
         <run_address>0x624</run_address>
         <size>0x6c</size>
         <input_file_ref idref="fl-3"/>
      </object_component>
      <object_component id="oc-467">
         <name>.debug_abbrev</name>
         <load_address>0x690</load_address>
         <run_address>0x690</run_address>
         <size>0x6c</size>
         <input_file_ref idref="fl-3"/>
      </object_component>
      <object_component id="oc-466">
         <name>.debug_abbrev</name>
         <load_address>0x6fc</load_address>
         <run_address>0x6fc</run_address>
         <size>0x6c</size>
         <input_file_ref idref="fl-3"/>
      </object_component>
      <object_component id="oc-412">
         <name>.debug_abbrev</name>
         <load_address>0x768</load_address>
         <run_address>0x768</run_address>
         <size>0x6c</size>
         <input_file_ref idref="fl-3"/>
      </object_component>
      <object_component id="oc-411">
         <name>.debug_abbrev</name>
         <load_address>0x7d4</load_address>
         <run_address>0x7d4</run_address>
         <size>0x6c</size>
         <input_file_ref idref="fl-3"/>
      </object_component>
      <object_component id="oc-410">
         <name>.debug_abbrev</name>
         <load_address>0x840</load_address>
         <run_address>0x840</run_address>
         <size>0x50</size>
         <input_file_ref idref="fl-3"/>
      </object_component>
      <object_component id="oc-402">
         <name>.debug_abbrev</name>
         <load_address>0x890</load_address>
         <run_address>0x890</run_address>
         <size>0x6e</size>
         <input_file_ref idref="fl-3"/>
      </object_component>
      <object_component id="oc-373">
         <name>.debug_abbrev</name>
         <load_address>0x8fe</load_address>
         <run_address>0x8fe</run_address>
         <size>0x7a</size>
         <input_file_ref idref="fl-3"/>
      </object_component>
      <object_component id="oc-417">
         <name>.debug_abbrev</name>
         <load_address>0x978</load_address>
         <run_address>0x978</run_address>
         <size>0x6e</size>
         <input_file_ref idref="fl-3"/>
      </object_component>
      <object_component id="oc-418">
         <name>.debug_abbrev</name>
         <load_address>0x9e6</load_address>
         <run_address>0x9e6</run_address>
         <size>0x7c</size>
         <input_file_ref idref="fl-3"/>
      </object_component>
      <object_component id="oc-2b9">
         <name>.debug_abbrev</name>
         <load_address>0xa62</load_address>
         <run_address>0xa62</run_address>
         <size>0x8b</size>
         <input_file_ref idref="fl-40"/>
      </object_component>
      <object_component id="oc-357">
         <name>.debug_abbrev</name>
         <load_address>0xaed</load_address>
         <run_address>0xaed</run_address>
         <size>0x35</size>
         <input_file_ref idref="fl-40"/>
      </object_component>
      <object_component id="oc-31b">
         <name>.debug_abbrev</name>
         <load_address>0xb22</load_address>
         <run_address>0xb22</run_address>
         <size>0x24</size>
         <input_file_ref idref="fl-40"/>
      </object_component>
      <object_component id="oc-2bc">
         <name>.debug_abbrev</name>
         <load_address>0xb46</load_address>
         <run_address>0xb46</run_address>
         <size>0x24</size>
         <input_file_ref idref="fl-40"/>
      </object_component>
      <object_component id="oc-31f">
         <name>.debug_abbrev</name>
         <load_address>0xb6a</load_address>
         <run_address>0xb6a</run_address>
         <size>0x54</size>
         <input_file_ref idref="fl-41"/>
      </object_component>
      <object_component id="oc-2c9">
         <name>.debug_abbrev</name>
         <load_address>0xbbe</load_address>
         <run_address>0xbbe</run_address>
         <size>0x7d</size>
         <input_file_ref idref="fl-41"/>
      </object_component>
      <object_component id="oc-2cc">
         <name>.debug_abbrev</name>
         <load_address>0xc3b</load_address>
         <run_address>0xc3b</run_address>
         <size>0x24</size>
         <input_file_ref idref="fl-41"/>
      </object_component>
      <object_component id="oc-321">
         <name>.debug_abbrev</name>
         <load_address>0xc5f</load_address>
         <run_address>0xc5f</run_address>
         <size>0x28</size>
         <input_file_ref idref="fl-43"/>
      </object_component>
      <object_component id="oc-32c">
         <name>.debug_abbrev</name>
         <load_address>0xc87</load_address>
         <run_address>0xc87</run_address>
         <size>0x6f</size>
         <input_file_ref idref="fl-5a"/>
      </object_component>
      <object_component id="oc-32f">
         <name>.debug_abbrev</name>
         <load_address>0xcf6</load_address>
         <run_address>0xcf6</run_address>
         <size>0x24</size>
         <input_file_ref idref="fl-5a"/>
      </object_component>
      <object_component id="oc-31e">
         <name>.debug_abbrev</name>
         <load_address>0xd1a</load_address>
         <run_address>0xd1a</run_address>
         <size>0x3c</size>
         <input_file_ref idref="fl-5b"/>
      </object_component>
      <object_component id="oc-403">
         <name>.debug_abbrev</name>
         <load_address>0xd56</load_address>
         <run_address>0xd56</run_address>
         <size>0x3c</size>
         <input_file_ref idref="fl-5e"/>
      </object_component>
      <object_component id="oc-317">
         <name>.debug_abbrev</name>
         <load_address>0xd92</load_address>
         <run_address>0xd92</run_address>
         <size>0x29</size>
         <input_file_ref idref="fl-66"/>
      </object_component>
      <object_component id="oc-352">
         <name>.debug_abbrev</name>
         <load_address>0xdbb</load_address>
         <run_address>0xdbb</run_address>
         <size>0x58</size>
         <input_file_ref idref="fl-66"/>
      </object_component>
      <object_component id="oc-400">
         <name>.debug_abbrev</name>
         <load_address>0xe13</load_address>
         <run_address>0xe13</run_address>
         <size>0x50</size>
         <input_file_ref idref="fl-67"/>
      </object_component>
      <object_component id="oc-47d">
         <name>.debug_abbrev</name>
         <load_address>0xe63</load_address>
         <run_address>0xe63</run_address>
         <size>0xd9</size>
         <input_file_ref idref="fl-69"/>
      </object_component>
      <object_component id="oc-453">
         <name>.debug_abbrev</name>
         <load_address>0xf3c</load_address>
         <run_address>0xf3c</run_address>
         <size>0x7e</size>
         <input_file_ref idref="fl-69"/>
      </object_component>
      <object_component id="oc-481">
         <name>.debug_abbrev</name>
         <load_address>0xfba</load_address>
[...]
      </symbol>
      <symbol id="sm-1d0">
         <name>UCB0CTLW1</name>
         <value>0x642</value>
      </symbol>
      <symbol id="sm-1d1">
         <name>UCB0CTLW1_L</name>
         <value>0x642</value>
      </symbol>
      <symbol id="sm-1d2">
         <name>UCB0CTLW1_H</name>
         <value>0x643</value>
      </symbol>
      <symbol id="sm-1d3">
         <name>UCB0BRW</name>
         <value>0x646</value>
      </symbol>
      <symbol id="sm-1d4">
         <name>UCB0BRW_L</name>
         <value>0x646</value>
      </symbol>
      <symbol id="sm-1d5">
         <name>UCB0BRW_H</name>
         <value>0x647</value>
      </symbol>
      <symbol id="sm-1d6">
         <name>UCB0STATW</name>
         <value>0x648</value>
      </symbol>
      <symbol id="sm-1d7">
         <name>UCB0STATW_L</name>
         <value>0x648</value>
      </symbol>
      <symbol id="sm-1d8">
         <name>UCB0STATW_H</name>
         <value>0x649</value>
      </symbol>
      <symbol id="sm-1d9">
         <name>UCB0TBCNT</name>
         <value>0x64a</value>
      </symbol>
      <symbol id="sm-1da">
         <name>UCB0TBCNT_L</name>
         <value>0x64a</value>
      </symbol>
      <symbol id="sm-1db">
         <name>UCB0TBCNT_H</name>
         <value>0x64b</value>
      </symbol>
      <symbol id="sm-1dc">
         <name>UCB0RXBUF</name>
         <value>0x64c</value>
      </symbol>
      <symbol id="sm-1dd">
         <name>UCB0RXBUF_L</name>
         <value>0x64c</value>
      </symbol>
      <symbol id="sm-1de">
         <name>UCB0RXBUF_H</name>
         <value>0x64d</value>
      </symbol>
      <symbol id="sm-1df">
         <name>UCB0TXBUF</name>
         <value>0x64e</value>
      </symbol>
      <symbol id="sm-1e0">
         <name>UCB0TXBUF_L</name>
         <value>0x64e</value>
      </symbol>
      <symbol id="sm-1e1">
         <name>UCB0TXBUF_H</name>
         <value>0x64f</value>
      </symbol>
      <symbol id="sm-1e2">
         <name>UCB0I2COA0</name>
         <value>0x654</value>
      </symbol>
      <symbol id="sm-1e3">
         <name>UCB0I2COA0_L</name>
         <value>0x654</value>
      </symbol>
      <symbol id="sm-1e4">
         <name>UCB0I2COA0_H</name>
         <value>0x655</value>
      </symbol>
      <symbol id="sm-1e5">
         <name>UCB0I2COA1</name>
         <value>0x656</value>
      </symbol>
      <symbol id="sm-1e6">
         <name>UCB0I2COA1_L</name>
         <value>0x656</value>
      </symbol>
      <symbol id="sm-1e7">
         <name>UCB0I2COA1_H</name>
         <value>0x657</value>
      </symbol>
      <symbol id="sm-1e8">
         <name>UCB0I2COA2</name>
         <value>0x658</value>
      </symbol>
      <symbol id="sm-1e9">
         <name>UCB0I2COA2_L</name>
         <value>0x658</value>
      </symbol>
      <symbol id="sm-1ea">
         <name>UCB0I2COA2_H</name>
         <value>0x659</value>
      </symbol>
      <symbol id="sm-1eb">
         <name>UCB0I2COA3</name>
         <value>0x65a</value>
      </symbol>
      <symbol id="sm-1ec">
         <name>UCB0I2COA3_L</name>
         <value>0x65a</value>
      </symbol>
      <symbol id="sm-1ed">
         <name>UCB0I2COA3_H</name>
         <value>0x65b</value>
      </symbol>
      <symbol id="sm-1ee">
         <name>UCB0ADDRX</name>
         <value>0x65c</value>
      </symbol>
      <symbol id="sm-1ef">
         <name>UCB0ADDRX_L</name>
         <value>0x65c</value>
      </symbol>
      <symbol id="sm-1f0">
         <name>UCB0ADDRX_H</name>
         <value>0x65d</value>
      </symbol>
      <symbol id="sm-1f1">
         <name>UCB0ADDMASK</name>
         <value>0x65e</value>
      </symbol>
      <symbol id="sm-1f2">
         <name>UCB0ADDMASK_L</name>
         <value>0x65e</value>
      </symbol>
      <symbol id="sm-1f3">
         <name>UCB0ADDMASK_H</name>
         <value>0x65f</value>
      </symbol>
      <symbol id="sm-1f4">
         <name>UCB0I2CSA</name>
         <value>0x660</value>
      </symbol>
      <symbol id="sm-1f5">
         <name>UCB0I2CSA_L</name>
         <value>0x660</value>
      </symbol>
      <symbol id="sm-1f6">
         <name>UCB0I2CSA_H</name>
         <value>0x661</value>
      </symbol>
      <symbol id="sm-1f7">
         <name>UCB0IE</name>
         <value>0x66a</value>
      </symbol>
      <symbol id="sm-1f8">
         <name>UCB0IE_L</name>
         <value>0x66a</value>
      </symbol>
      <symbol id="sm-1f9">
         <name>UCB0IE_H</name>
         <value>0x66b</value>
      </symbol>
      <symbol id="sm-1fa">
         <name>UCB0IFG</name>
         <value>0x66c</value>
      </symbol>
      <symbol id="sm-1fb">
         <name>UCB0IFG_L</name>
         <value>0x66c</value>
      </symbol>
      <symbol id="sm-1fc">
         <name>UCB0IFG_H</name>
         <value>0x66d</value>
      </symbol>
      <symbol id="sm-1fd">
         <name>UCB0IV</name>
         <value>0x66e</value>
      </symbol>
      <symbol id="sm-1fe">
         <name>UCA1CTLW0</name>
         <value>0x5e0</value>
      </symbol>
      <symbol id="sm-1ff">
         <name>UCA1CTLW0_L</name>
         <value>0x5e0</value>
      </symbol>
      <symbol id="sm-200">
         <name>UCA1CTLW0_H</name>
         <value>0x5e1</value>
      </symbol>
      <symbol id="sm-201">
         <name>UCA1CTLW1</name>
         <value>0x5e2</value>
      </symbol>
      <symbol id="sm-202">
         <name>UCA1CTLW1_L</name>
         <value>0x5e2</value>
      </symbol>
      <symbol id="sm-203">
         <name>UCA1CTLW1_H</name>
         <value>0x5e3</value>
      </symbol>
      <symbol id="sm-204">
         <name>UCA1BRW</name>
         <value>0x5e6</value>
      </symbol>
      <symbol id="sm-205">
         <name>UCA1BRW_L</name>
         <value>0x5e6</value>
      </symbol>
      <symbol id="sm-206">
         <name>UCA1BRW_H</name>
         <value>0x5e7</value>
      </symbol>
      <symbol id="sm-207">
         <name>UCA1MCTLW</name>
         <value>0x5e8</value>
      </symbol>
      <symbol id="sm-208">
         <name>UCA1MCTLW_L</name>
         <value>0x5e8</value>
      </symbol>
      <symbol id="sm-209">
         <name>UCA1MCTLW_H</name>
         <value>0x5e9</value>
      </symbol>
      <symbol id="sm-20a">
         <name>UCA1STATW</name>
         <value>0x5ea</value>
      </symbol>
      <symbol id="sm-20b">
         <name>UCA1RXBUF</name>
         <value>0x5ec</value>
      </symbol>
      <symbol id="sm-20c">
         <name>UCA1RXBUF_L</name>
         <value>0x5ec</value>
      </symbol>
      <symbol id="sm-20d">
         <name>UCA1RXBUF_H</name>
         <value>0x5ed</value>
      </symbol>
      <symbol id="sm-20e">
         <name>UCA1TXBUF</name>
         <value>0x5ee</value>
      </symbol>
      <symbol id="sm-20f">
         <name>UCA1TXBUF_L</name>
         <value>0x5ee</value>
      </symbol>
      <symbol id="sm-210">
         <name>UCA1TXBUF_H</name>
         <value>0x5ef</value>
      </symbol>
      <symbol id="sm-211">
         <name>UCA1ABCTL</name>
         <value>0x5f0</value>
      </symbol>
      <symbol id="sm-212">
         <name>UCA1IRCTL</name>
         <value>0x5f2</value>
      </symbol>
      <symbol id="sm-213">
         <name>UCA1IRCTL_L</name>
         <value>0x5f2</value>
      </symbol>
      <symbol id="sm-214">
         <name>UCA1IRCTL_H</name>
         <value>0x5f3</value>
      </symbol>
      <symbol id="sm-215">
         <name>UCA1IE</name>
         <value>0x5fa</value>
      </symbol>
      <symbol id="sm-216">
         <name>UCA1IE_L</name>
         <value>0x5fa</value>
      </symbol>
      <symbol id="sm-217">
         <name>UCA1IE_H</name>
         <value>0x5fb</value>
      </symbol>
      <symbol id="sm-218">
         <name>UCA1IFG</name>
         <value>0x5fc</value>
      </symbol>
      <symbol id="sm-219">
         <name>UCA1IFG_L</name>
         <value>0x5fc</value>
      </symbol>
      <symbol id="sm-21a">
         <name>UCA1IFG_H</name>
         <value>0x5fd</value>
      </symbol>
      <symbol id="sm-21b">
         <name>UCA1IV</name>
         <value>0x5fe</value>
      </symbol>
      <symbol id="sm-21c">
         <name>WDTCTL</name>
         <value>0x15c</value>
      </symbol>
      <symbol id="sm-21d">
         <name>WDTCTL_L</name>
         <value>0x15c</value>
      </symbol>
      <symbol id="sm-21e">
         <name>WDTCTL_H</name>
         <value>0x15d</value>
      </symbol>
      <symbol id="sm-21f">
         <name>fram_rw_start</name>
         <value>0xc200</value>
      </symbol>
      <symbol id="sm-220">
         <name>fram_ro_start</name>
         <value>0xc200</value>
      </symbol>
      <symbol id="sm-221">
         <name>fram_rx_start</name>
         <value>0xc400</value>
      </symbol>
      <symbol id="sm-222">
         <name>__TI_CINIT_Base</name>
         <value>0xc21a</value>
      </symbol>
      <symbol id="sm-223">
         <name>__TI_CINIT_Limit</name>
         <value>0xc22a</value>
      </symbol>
      <symbol id="sm-224">
         <name>__TI_CINIT_Warm</name>
         <value>0xc22a</value>
      </symbol>
      <symbol id="sm-225">
         <name>__TI_Handler_Table_Base</name>
         <value>0xc200</value>
      </symbol>
      <symbol id="sm-226">
         <name>__TI_Handler_Table_Limit</name>
         <value>0xc20c</value>
      </symbol>
      <symbol id="sm-227">
         <name>__STACK_SIZE</name>
         <value>0xa0</value>
      </symbol>
      <symbol id="sm-228">
         <name>__STACK_END</name>
         <value>0x2000</value>
      </symbol>
      <symbol id="sm-229">
         <name>__c_args__</name>
         <value>0xffffffff</value>
      </symbol>
      <symbol id="sm-22a">
         <name>__TI_pprof_out_hndl</name>
         <value>0xffffffff</value>
      </symbol>
      <symbol id="sm-22b">
         <name>__TI_prof_data_start</name>
         <value>0xffffffff</value>
      </symbol>
      <symbol id="sm-22c">
         <name>__TI_prof_data_size</name>
         <value>0xffffffff</value>
      </symbol>
      <symbol id="sm-2d4">
         <name>incomingPacket</name>
         <value>0x1c42</value>
         <object_component_ref idref="oc-3b8"/>
      </symbol>
      <symbol id="sm-2d5">
         <name>poppedByte</name>
         <value>0x1c3e</value>
         <object_component_ref idref="oc-3b5"/>
      </symbol>
      <symbol id="sm-2d6">
         <name>__TI_int48</name>
         <value>0xfff0</value>
         <object_component_ref idref="oc-8b"/>
      </symbol>
      <symbol id="sm-2d7">
         <name>USCI_A0_ISR</name>
         <value>0xc90e</value>
         <object_component_ref idref="oc-2d5"/>
      </symbol>
      <symbol id="sm-2d8">
         <name>main</name>
         <value>0xc4ee</value>
         <object_component_ref idref="oc-339"/>
      </symbol>
      <symbol id="sm-2d9">
         <name>CurrentByte</name>
         <value>0x1c3c</value>
         <object_component_ref idref="oc-3b5"/>
      </symbol>
      <symbol id="sm-2da">
         <name>processMessagePacket</name>
         <value>0xc5ce</value>
         <object_component_ref idref="oc-3bb"/>
      </symbol>
      <symbol id="sm-2db">
         <name>combinedMessage</name>
         <value>0x1c40</value>
         <object_component_ref idref="oc-3b5"/>
      </symbol>
      <symbol id="sm-366">
         <name>Clock_Init_DCO_8MHz</name>
         <value>0xca12</value>
         <object_component_ref idref="oc-37f"/>
      </symbol>
      <symbol id="sm-367">
         <name>TimerB1_SetupPWM</name>
         <value>0xc814</value>
         <object_component_ref idref="oc-397"/>
      </symbol>
      <symbol id="sm-368">
         <name>Buffer_Pop</name>
         <value>0xc7d4</value>
         <object_component_ref idref="oc-3af"/>
      </symbol>
      <symbol id="sm-369">
         <name>Clock_Set_SMCLK_Divider</name>
         <value>0xc6ac</value>
         <object_component_ref idref="oc-385"/>
      </symbol>
      <symbol id="sm-36a">
         <name>UART_transmitByte</name>
         <value>0xca48</value>
         <object_component_ref idref="oc-404"/>
      </symbol>
      <symbol id="sm-36b">
         <name>UART_SendPacket</name>
         <value>0xc97c</value>
         <object_component_ref idref="oc-36d"/>
      </symbol>
      <symbol id="sm-36c">
         <name>Buffer_IsEmpty</name>
         <value>0xc9d0</value>
         <object_component_ref idref="oc-3a9"/>
      </symbol>
      <symbol id="sm-36d">
         <name>LED_Init</name>
         <value>0xc746</value>
         <object_component_ref idref="oc-38b"/>
      </symbol>
      <symbol id="sm-36e">
         <name>Buffer_Push</name>
         <value>0xc6fc</value>
         <object_component_ref idref="oc-325"/>
      </symbol>
      <symbol id="sm-36f">
         <name>cBuffer_init</name>
         <value>0xc9e6</value>
         <object_component_ref idref="oc-379"/>
      </symbol>
      <symbol id="sm-370">
         <name>Buffer_IsFull</name>
         <value>0xca3a</value>
         <object_component_ref idref="oc-361"/>
      </symbol>
      <symbol id="sm-371">
         <name>LED_TurnOn</name>
         <value>0xca26</value>
         <object_component_ref idref="oc-428"/>
      </symbol>
      <symbol id="sm-372">
         <name>UART_Enable_Receive_Interrupt</name>
         <value>0xca5e</value>
         <object_component_ref idref="oc-3a3"/>
      </symbol>
      <symbol id="sm-373">
         <name>TimerB1_Init_UpMode_125kHz</name>
         <value>0xc99a</value>
         <object_component_ref idref="oc-391"/>
      </symbol>
      <symbol id="sm-374">
         <name>UART_Init_9600_without_interrupt</name>
         <value>0xc78e</value>
         <object_component_ref idref="oc-39d"/>
      </symbol>
      <symbol id="sm-375">
         <name>LED_TurnOff</name>
         <value>0xc9b6</value>
         <object_component_ref idref="oc-422"/>
      </symbol>
      <symbol id="sm-3ac">
         <name>__TI_decompress_lzss</name>
         <value>0xc400</value>
         <object_component_ref idref="oc-6e"/>
      </symbol>
      <symbol id="sm-3bd">
         <name>__TI_decompress_none</name>
         <value>0xc8d2</value>
         <object_component_ref idref="oc-74"/>
      </symbol>
      <symbol id="sm-3c0">
         <name>__TI_int31</name>
         <value>0xffce</value>
         <object_component_ref idref="oc-7a"/>
      </symbol>
      <symbol id="sm-3c8">
         <name>__TI_ISR_TRAP</name>
         <value>0xca56</value>
         <object_component_ref idref="oc-2d0"/>
      </symbol>
      <symbol id="sm-3cb">
         <name>__TI_int32</name>
         <value>0xffd0</value>
         <object_component_ref idref="oc-7b"/>
      </symbol>
      <symbol id="sm-3ce">
         <name>__TI_int33</name>
         <value>0xffd2</value>
         <object_component_ref idref="oc-7c"/>
      </symbol>
      <symbol id="sm-3d1">
         <name>__TI_int34</name>
         <value>0xffd4</value>
         <object_component_ref idref="oc-7d"/>
      </symbol>
      <symbol id="sm-3d4">
         <name>__TI_int35</name>
         <value>0xffd6</value>
         <object_component_ref idref="oc-7e"/>
      </symbol>
      <symbol id="sm-3d7">
         <name>__TI_int36</name>
         <value>0xffd8</value>
         <object_component_ref idref="oc-7f"/>
      </symbol>
      <symbol id="sm-3da">
         <name>__TI_int37</name>
         <value>0xffda</value>
         <object_component_ref idref="oc-80"/>
      </symbol>
      <symbol id="sm-3dd">
         <name>__TI_int38</name>
         <value>0xffdc</value>
         <object_component_ref idref="oc-81"/>
      </symbol>
      <symbol id="sm-3e0">
         <name>__TI_int39</name>
         <value>0xffde</value>
         <object_component_ref idref="oc-82"/>
      </symbol>
      <symbol id="sm-3e3">
         <name>__TI_int40</name>
         <value>0xffe0</value>
         <object_component_ref idref="oc-83"/>
      </symbol>
      <symbol id="sm-3e6">
         <name>__TI_int41</name>
         <value>0xffe2</value>
         <object_component_ref idref="oc-84"/>
      </symbol>
      <symbol id="sm-3e9">
         <name>__TI_int42</name>
         <value>0xffe4</value>
         <object_component_ref idref="oc-85"/>
      </symbol>
      <symbol id="sm-3ec">
         <name>__TI_int43</name>
         <value>0xffe6</value>
         <object_component_ref idref="oc-86"/>
      </symbol>
      <symbol id="sm-3ef">
         <name>__TI_int44</name>
         <value>0xffe8</value>
         <object_component_ref idref="oc-87"/>
      </symbol>
      <symbol id="sm-3f2">
         <name>__TI_int45</name>
         <value>0xffea</value>
         <object_component_ref idref="oc-88"/>
      </symbol>
      <symbol id="sm-3f5">
         <name>__TI_int46</name>
         <value>0xffec</value>
         <object_component_ref idref="oc-89"/>
      </symbol>
      <symbol id="sm-3f8">
         <name>__TI_int47</name>
         <value>0xffee</value>
         <object_component_ref idref="oc-8a"/>
      </symbol>
      <symbol id="sm-3fb">
         <name>__TI_int49</name>
         <value>0xfff2</value>
         <object_component_ref idref="oc-8c"/>
      </symbol>
      <symbol id="sm-3fe">
         <name>__TI_int50</name>
         <value>0xfff4</value>
         <object_component_ref idref="oc-8d"/>
      </symbol>
      <symbol id="sm-401">
         <name>__TI_int51</name>
         <value>0xfff6</value>
         <object_component_ref idref="oc-8e"/>
      </symbol>
      <symbol id="sm-404">
         <name>__TI_int52</name>
         <value>0xfff8</value>
         <object_component_ref idref="oc-8f"/>
      </symbol>
      <symbol id="sm-407">
         <name>__TI_int53</name>
         <value>0xfffa</value>
         <object_component_ref idref="oc-90"/>
      </symbol>
      <symbol id="sm-40a">
         <name>__TI_int54</name>
         <value>0xfffc</value>
         <object_component_ref idref="oc-91"/>
      </symbol>
      <symbol id="sm-41a">
         <name>__TI_zero_init_nomemset</name>
         <value>0xc894</value>
         <object_component_ref idref="oc-2db"/>
      </symbol>
      <symbol id="sm-425">
         <name>__memcpy_far</name>
         <value>0xc854</value>
         <object_component_ref idref="oc-2c4"/>
      </symbol>
      <symbol id="sm-431">
         <name>__mspabi_remu</name>
         <value>0xc9fc</value>
         <object_component_ref idref="oc-367"/>
      </symbol>
      <symbol id="sm-432">
         <name>__mspabi_divu</name>
         <value>0xc9fc</value>
         <object_component_ref idref="oc-367"/>
      </symbol>
      <symbol id="sm-449">
         <name>_c_int00_noargs_mpu</name>
         <value>0xc95c</value>
         <object_component_ref idref="oc-305"/>
      </symbol>
      <symbol id="sm-44a">
         <name>_stack</name>
         <value>0x1f60</value>
         <object_component_ref idref="oc-2b5"/>
      </symbol>
      <symbol id="sm-44b">
         <name>_reset_vector</name>
         <value>0xfffe</value>
         <object_component_ref idref="oc-2b8"/>
      </symbol>
      <symbol id="sm-454">
         <name>__mpu_init</name>
         <value>0xc93a</value>
         <object_component_ref idref="oc-34b"/>
      </symbol>
      <symbol id="sm-477">
         <name>__TI_auto_init_nobinit_nopinit_hold_wdt</name>
         <value>0xc642</value>
         <object_component_ref idref="oc-3e6"/>
      </symbol>
      <symbol id="sm-480">
         <name>_system_post_cinit</name>
         <value>0xca6e</value>
         <object_component_ref idref="oc-442"/>
      </symbol>
      <symbol id="sm-489">
         <name>_system_pre_init</name>
         <value>0xca6a</value>
         <object_component_ref idref="oc-333"/>
      </symbol>
      <symbol id="sm-495">
         <name>C$$EXIT</name>
         <value>0xca64</value>
         <object_component_ref idref="oc-3c2"/>
      </symbol>
      <symbol id="sm-496">
         <name>abort</name>
         <value>0xca64</value>
         <object_component_ref idref="oc-3c2"/>
      </symbol>
   </symbol_table>
   <title>Link successful</title>
</link_info>
